fev 14 12:28:08 notWindows kernel: KERNEL supported cpus:
fev 14 12:28:08 notWindows kernel:   Intel GenuineIntel
fev 14 12:28:08 notWindows kernel:   AMD AuthenticAMD
fev 14 12:28:08 notWindows kernel:   Hygon HygonGenuine
fev 14 12:28:08 notWindows kernel:   Centaur CentaurHauls
fev 14 12:28:08 notWindows kernel:   zhaoxin   Shanghai  
fev 14 12:28:08 notWindows kernel: x86/fpu: Supporting XSAVE feature 0x001: 'x87 floating point registers'
fev 14 12:28:08 notWindows kernel: x86/fpu: Supporting XSAVE feature 0x002: 'SSE registers'
fev 14 12:28:08 notWindows kernel: x86/fpu: Supporting XSAVE feature 0x004: 'AVX registers'
fev 14 12:28:08 notWindows kernel: x86/fpu: xstate_offset[2]:  576, xstate_sizes[2]:  256
fev 14 12:28:08 notWindows kernel: x86/fpu: Enabled xstate features 0x7, context size is 832 bytes, using 'standard' format.
fev 14 12:28:08 notWindows kernel: BIOS-provided physical RAM map:
fev 14 12:28:08 notWindows kernel: BIOS-e820: [mem 0x0000000000000000-0x000000000009efff] usable
fev 14 12:28:08 notWindows kernel: BIOS-e820: [mem 0x000000000009f000-0x000000000009ffff] reserved
fev 14 12:28:08 notWindows kernel: BIOS-e820: [mem 0x0000000000100000-0x00000000de1effff] usable
fev 14 12:28:08 notWindows kernel: BIOS-e820: [mem 0x00000000de1f0000-0x00000000de5b5fff] reserved
fev 14 12:28:08 notWindows kernel: BIOS-e820: [mem 0x00000000de5b6000-0x00000000de5b6fff] ACPI data
fev 14 12:28:08 notWindows kernel: BIOS-e820: [mem 0x00000000de5b7000-0x00000000de6defff] ACPI NVS
fev 14 12:28:08 notWindows kernel: BIOS-e820: [mem 0x00000000de6df000-0x00000000dede7fff] reserved
fev 14 12:28:08 notWindows kernel: BIOS-e820: [mem 0x00000000dede8000-0x00000000dee7dfff] type 20
fev 14 12:28:08 notWindows kernel: BIOS-e820: [mem 0x00000000dee7e000-0x00000000dee7efff] usable
fev 14 12:28:08 notWindows kernel: BIOS-e820: [mem 0x00000000dee7f000-0x00000000deec1fff] ACPI NVS
fev 14 12:28:08 notWindows kernel: BIOS-e820: [mem 0x00000000deec2000-0x00000000df5d4fff] usable
fev 14 12:28:08 notWindows kernel: BIOS-e820: [mem 0x00000000df5d5000-0x00000000df7dbfff] reserved
fev 14 12:28:08 notWindows kernel: BIOS-e820: [mem 0x00000000df7dc000-0x00000000df7fffff] usable
fev 14 12:28:08 notWindows kernel: BIOS-e820: [mem 0x00000000f8000000-0x00000000fbffffff] reserved
fev 14 12:28:08 notWindows kernel: BIOS-e820: [mem 0x00000000fec00000-0x00000000fec00fff] reserved
fev 14 12:28:08 notWindows kernel: BIOS-e820: [mem 0x00000000fed00000-0x00000000fed03fff] reserved
fev 14 12:28:08 notWindows kernel: BIOS-e820: [mem 0x00000000fed1c000-0x00000000fed1ffff] reserved
fev 14 12:28:08 notWindows kernel: BIOS-e820: [mem 0x00000000fee00000-0x00000000fee00fff] reserved
fev 14 12:28:08 notWindows kernel: BIOS-e820: [mem 0x00000000ff000000-0x00000000ffffffff] reserved
fev 14 12:28:08 notWindows kernel: BIOS-e820: [mem 0x0000000100000000-0x000000041effffff] usable
fev 14 12:28:08 notWindows kernel: NX (Execute Disable) protection: active
fev 14 12:28:08 notWindows kernel: efi: EFI v2.31 by American Megatrends
fev 14 12:28:08 notWindows kernel: efi:  ACPI=0xde6c1000  ACPI 2.0=0xde6c1000  SMBIOS=0xf04c0  MPS=0xfd410 
fev 14 12:28:08 notWindows kernel: SMBIOS 2.7 present.
fev 14 12:28:08 notWindows kernel: DMI: Gigabyte Technology Co., Ltd. To be filled by O.E.M./H61M-S1, BIOS FC 02/25/2013
fev 14 12:28:08 notWindows kernel: tsc: Fast TSC calibration using PIT
fev 14 12:28:08 notWindows kernel: tsc: Detected 3392.084 MHz processor
fev 14 12:28:08 notWindows kernel: e820: update [mem 0x00000000-0x00000fff] usable ==> reserved
fev 14 12:28:08 notWindows kernel: e820: remove [mem 0x000a0000-0x000fffff] usable
fev 14 12:28:08 notWindows kernel: last_pfn = 0x41f000 max_arch_pfn = 0x400000000
fev 14 12:28:08 notWindows kernel: MTRR default type: uncachable
fev 14 12:28:08 notWindows kernel: MTRR fixed ranges enabled:
fev 14 12:28:08 notWindows kernel:   00000-9FFFF write-back
fev 14 12:28:08 notWindows kernel:   A0000-BFFFF uncachable
fev 14 12:28:08 notWindows kernel:   C0000-D3FFF write-protect
fev 14 12:28:08 notWindows kernel:   D4000-DFFFF uncachable
fev 14 12:28:08 notWindows kernel:   E0000-FFFFF write-protect
fev 14 12:28:08 notWindows kernel: MTRR variable ranges enabled:
fev 14 12:28:08 notWindows kernel:   0 base 000000000 mask C00000000 write-back
fev 14 12:28:08 notWindows kernel:   1 base 400000000 mask FF0000000 write-back
fev 14 12:28:08 notWindows kernel:   2 base 410000000 mask FF8000000 write-back
fev 14 12:28:08 notWindows kernel:   3 base 418000000 mask FFC000000 write-back
fev 14 12:28:08 notWindows kernel:   4 base 41C000000 mask FFE000000 write-back
fev 14 12:28:08 notWindows kernel:   5 base 41E000000 mask FFF000000 write-back
fev 14 12:28:08 notWindows kernel:   6 base 0E0000000 mask FE0000000 uncachable
fev 14 12:28:08 notWindows kernel:   7 disabled
fev 14 12:28:08 notWindows kernel:   8 disabled
fev 14 12:28:08 notWindows kernel:   9 disabled
fev 14 12:28:08 notWindows kernel: x86/PAT: Configuration [0-7]: WB  WC  UC- UC  WB  WP  UC- WT  
fev 14 12:28:08 notWindows kernel: total RAM covered: 16368M
fev 14 12:28:08 notWindows kernel: Found optimal setting for mtrr clean up
fev 14 12:28:08 notWindows kernel:  gran_size: 64K         chunk_size: 32M         num_reg: 7          lose cover RAM: 0G
fev 14 12:28:08 notWindows kernel: e820: update [mem 0xe0000000-0xffffffff] usable ==> reserved
fev 14 12:28:08 notWindows kernel: last_pfn = 0xdf800 max_arch_pfn = 0x400000000
fev 14 12:28:08 notWindows kernel: found SMP MP-table at [mem 0x000fd730-0x000fd73f]
fev 14 12:28:08 notWindows kernel: check: Scanning 1 areas for low memory corruption
fev 14 12:28:08 notWindows kernel: BRK [0x21d801000, 0x21d801fff] PGTABLE
fev 14 12:28:08 notWindows kernel: BRK [0x21d802000, 0x21d802fff] PGTABLE
fev 14 12:28:08 notWindows kernel: BRK [0x21d803000, 0x21d803fff] PGTABLE
fev 14 12:28:08 notWindows kernel: BRK [0x21d804000, 0x21d804fff] PGTABLE
fev 14 12:28:08 notWindows kernel: BRK [0x21d805000, 0x21d805fff] PGTABLE
fev 14 12:28:08 notWindows kernel: BRK [0x21d806000, 0x21d806fff] PGTABLE
fev 14 12:28:08 notWindows kernel: BRK [0x21d807000, 0x21d807fff] PGTABLE
fev 14 12:28:08 notWindows kernel: BRK [0x21d808000, 0x21d808fff] PGTABLE
fev 14 12:28:08 notWindows kernel: BRK [0x21d809000, 0x21d809fff] PGTABLE
fev 14 12:28:08 notWindows kernel: BRK [0x21d80a000, 0x21d80afff] PGTABLE
fev 14 12:28:08 notWindows kernel: BRK [0x21d80b000, 0x21d80bfff] PGTABLE
fev 14 12:28:08 notWindows kernel: BRK [0x21d80c000, 0x21d80cfff] PGTABLE
fev 14 12:28:08 notWindows kernel: Secure boot could not be determined
fev 14 12:28:08 notWindows kernel: RAMDISK: [mem 0x36881000-0x37437fff]
fev 14 12:28:08 notWindows kernel: ACPI: Early table checksum verification disabled
fev 14 12:28:08 notWindows kernel: ACPI: RSDP 0x00000000DE6C1000 000024 (v02 ALASKA)
fev 14 12:28:08 notWindows kernel: ACPI: XSDT 0x00000000DE6C1078 000074 (v01 ALASKA A M I    01072009 AMI  00010013)
fev 14 12:28:08 notWindows kernel: ACPI: FACP 0x00000000DE6CA390 0000F4 (v04 ALASKA A M I    01072009 AMI  00010013)
fev 14 12:28:08 notWindows kernel: ACPI: DSDT 0x00000000DE6C1188 009201 (v02 ALASKA A M I    00000012 INTL 20051117)
fev 14 12:28:08 notWindows kernel: ACPI: FACS 0x00000000DE6DDF80 000040
fev 14 12:28:08 notWindows kernel: ACPI: APIC 0x00000000DE6CA488 000092 (v03 ALASKA A M I    01072009 AMI  00010013)
fev 14 12:28:08 notWindows kernel: ACPI: MCFG 0x00000000DE6CA520 00003C (v01                 01072009 MSFT 00000097)
fev 14 12:28:08 notWindows kernel: ACPI: SSDT 0x00000000DE6CA560 00048F (v01 Intel_ AoacTabl 00001000 INTL 20091112)
fev 14 12:28:08 notWindows kernel: ACPI: HPET 0x00000000DE6CA9F0 000038 (v01 ALASKA A M I    01072009 AMI. 00000005)
fev 14 12:28:08 notWindows kernel: ACPI: SSDT 0x00000000DE6CAA28 00036D (v01 SataRe SataTabl 00001000 INTL 20091112)
fev 14 12:28:08 notWindows kernel: ACPI: SSDT 0x00000000DE6CAD98 0009AA (v01 PmRef  Cpu0Ist  00003000 INTL 20051117)
fev 14 12:28:08 notWindows kernel: ACPI: SSDT 0x00000000DE6CB748 000A92 (v01 PmRef  CpuPm    00003000 INTL 20051117)
fev 14 12:28:08 notWindows kernel: ACPI: DMAR 0x00000000DE6CC1E0 000078 (v01 INTEL  SNB      00000001 INTL 00000001)
fev 14 12:28:08 notWindows kernel: ACPI: BGRT 0x00000000DE6CC258 000038 (v00 ALASKA A M I    01072009 AMI  00010013)
fev 14 12:28:08 notWindows kernel: ACPI: Local APIC address 0xfee00000
fev 14 12:28:08 notWindows kernel: No NUMA configuration found
fev 14 12:28:08 notWindows kernel: Faking a node at [mem 0x0000000000000000-0x000000041effffff]
fev 14 12:28:08 notWindows kernel: NODE_DATA(0) allocated [mem 0x41eff0000-0x41eff3fff]
fev 14 12:28:08 notWindows kernel: Zone ranges:
fev 14 12:28:08 notWindows kernel:   DMA      [mem 0x0000000000001000-0x0000000000ffffff]
fev 14 12:28:08 notWindows kernel:   DMA32    [mem 0x0000000001000000-0x00000000ffffffff]
fev 14 12:28:08 notWindows kernel:   Normal   [mem 0x0000000100000000-0x000000041effffff]
fev 14 12:28:08 notWindows kernel:   Device   empty
fev 14 12:28:08 notWindows kernel: Movable zone start for each node
fev 14 12:28:08 notWindows kernel: Early memory node ranges
fev 14 12:28:08 notWindows kernel:   node   0: [mem 0x0000000000001000-0x000000000009efff]
fev 14 12:28:08 notWindows kernel:   node   0: [mem 0x0000000000100000-0x00000000de1effff]
fev 14 12:28:08 notWindows kernel:   node   0: [mem 0x00000000dee7e000-0x00000000dee7efff]
fev 14 12:28:08 notWindows kernel:   node   0: [mem 0x00000000deec2000-0x00000000df5d4fff]
fev 14 12:28:08 notWindows kernel:   node   0: [mem 0x00000000df7dc000-0x00000000df7fffff]
fev 14 12:28:08 notWindows kernel:   node   0: [mem 0x0000000100000000-0x000000041effffff]
fev 14 12:28:08 notWindows kernel: Zeroed struct page in unavailable ranges: 10042 pages
fev 14 12:28:08 notWindows kernel: Initmem setup node 0 [mem 0x0000000000001000-0x000000041effffff]
fev 14 12:28:08 notWindows kernel: On node 0 totalpages: 4184262
fev 14 12:28:08 notWindows kernel:   DMA zone: 64 pages used for memmap
fev 14 12:28:08 notWindows kernel:   DMA zone: 27 pages reserved
fev 14 12:28:08 notWindows kernel:   DMA zone: 3998 pages, LIFO batch:0
fev 14 12:28:08 notWindows kernel:   DMA32 zone: 14181 pages used for memmap
fev 14 12:28:08 notWindows kernel:   DMA32 zone: 907560 pages, LIFO batch:63
fev 14 12:28:08 notWindows kernel:   Normal zone: 51136 pages used for memmap
fev 14 12:28:08 notWindows kernel:   Normal zone: 3272704 pages, LIFO batch:63
fev 14 12:28:08 notWindows kernel: ACPI: PM-Timer IO Port: 0x408
fev 14 12:28:08 notWindows kernel: ACPI: Local APIC address 0xfee00000
fev 14 12:28:08 notWindows kernel: ACPI: LAPIC_NMI (acpi_id[0xff] high edge lint[0x1])
fev 14 12:28:08 notWindows kernel: IOAPIC[0]: apic_id 2, version 32, address 0xfec00000, GSI 0-23
fev 14 12:28:08 notWindows kernel: ACPI: INT_SRC_OVR (bus 0 bus_irq 0 global_irq 2 dfl dfl)
fev 14 12:28:08 notWindows kernel: ACPI: INT_SRC_OVR (bus 0 bus_irq 9 global_irq 9 high level)
fev 14 12:28:08 notWindows kernel: ACPI: IRQ0 used by override.
fev 14 12:28:08 notWindows kernel: ACPI: IRQ9 used by override.
fev 14 12:28:08 notWindows kernel: Using ACPI (MADT) for SMP configuration information
fev 14 12:28:08 notWindows kernel: ACPI: HPET id: 0x8086a701 base: 0xfed00000
fev 14 12:28:08 notWindows kernel: e820: update [mem 0xd2ca5000-0xd2ce9fff] usable ==> reserved
fev 14 12:28:08 notWindows kernel: smpboot: Allowing 8 CPUs, 0 hotplug CPUs
fev 14 12:28:08 notWindows kernel: PM: Registered nosave memory: [mem 0x00000000-0x00000fff]
fev 14 12:28:08 notWindows kernel: PM: Registered nosave memory: [mem 0x0009f000-0x0009ffff]
fev 14 12:28:08 notWindows kernel: PM: Registered nosave memory: [mem 0x000a0000-0x000fffff]
fev 14 12:28:08 notWindows kernel: PM: Registered nosave memory: [mem 0xd2ca5000-0xd2ce9fff]
fev 14 12:28:08 notWindows kernel: PM: Registered nosave memory: [mem 0xde1f0000-0xde5b5fff]
fev 14 12:28:08 notWindows kernel: PM: Registered nosave memory: [mem 0xde5b6000-0xde5b6fff]
fev 14 12:28:08 notWindows kernel: PM: Registered nosave memory: [mem 0xde5b7000-0xde6defff]
fev 14 12:28:08 notWindows kernel: PM: Registered nosave memory: [mem 0xde6df000-0xdede7fff]
fev 14 12:28:08 notWindows kernel: PM: Registered nosave memory: [mem 0xdede8000-0xdee7dfff]
fev 14 12:28:08 notWindows kernel: PM: Registered nosave memory: [mem 0xdee7f000-0xdeec1fff]
fev 14 12:28:08 notWindows kernel: PM: Registered nosave memory: [mem 0xdf5d5000-0xdf7dbfff]
fev 14 12:28:08 notWindows kernel: PM: Registered nosave memory: [mem 0xdf800000-0xf7ffffff]
fev 14 12:28:08 notWindows kernel: PM: Registered nosave memory: [mem 0xf8000000-0xfbffffff]
fev 14 12:28:08 notWindows kernel: PM: Registered nosave memory: [mem 0xfc000000-0xfebfffff]
fev 14 12:28:08 notWindows kernel: PM: Registered nosave memory: [mem 0xfec00000-0xfec00fff]
fev 14 12:28:08 notWindows kernel: PM: Registered nosave memory: [mem 0xfec01000-0xfecfffff]
fev 14 12:28:08 notWindows kernel: PM: Registered nosave memory: [mem 0xfed00000-0xfed03fff]
fev 14 12:28:08 notWindows kernel: PM: Registered nosave memory: [mem 0xfed04000-0xfed1bfff]
fev 14 12:28:08 notWindows kernel: PM: Registered nosave memory: [mem 0xfed1c000-0xfed1ffff]
fev 14 12:28:08 notWindows kernel: PM: Registered nosave memory: [mem 0xfed20000-0xfedfffff]
fev 14 12:28:08 notWindows kernel: PM: Registered nosave memory: [mem 0xfee00000-0xfee00fff]
fev 14 12:28:08 notWindows kernel: PM: Registered nosave memory: [mem 0xfee01000-0xfeffffff]
fev 14 12:28:08 notWindows kernel: PM: Registered nosave memory: [mem 0xff000000-0xffffffff]
fev 14 12:28:08 notWindows kernel: [mem 0xdf800000-0xf7ffffff] available for PCI devices
fev 14 12:28:08 notWindows kernel: Booting paravirtualized kernel on bare hardware
fev 14 12:28:08 notWindows kernel: clocksource: refined-jiffies: mask: 0xffffffff max_cycles: 0xffffffff, max_idle_ns: 6370452778343963 ns
fev 14 12:28:08 notWindows kernel: setup_percpu: NR_CPUS:320 nr_cpumask_bits:320 nr_cpu_ids:8 nr_node_ids:1
fev 14 12:28:08 notWindows kernel: percpu: Embedded 57 pages/cpu s196608 r8192 d28672 u262144
fev 14 12:28:08 notWindows kernel: pcpu-alloc: s196608 r8192 d28672 u262144 alloc=1*2097152
fev 14 12:28:08 notWindows kernel: pcpu-alloc: [0] 0 1 2 3 4 5 6 7 
fev 14 12:28:08 notWindows kernel: Built 1 zonelists, mobility grouping on.  Total pages: 4118854
fev 14 12:28:08 notWindows kernel: Policy zone: Normal
fev 14 12:28:08 notWindows kernel: Kernel command line: BOOT_IMAGE=/vmlinuz-linux root=UUID=8f835229-1319-46a8-acdd-2bcf8a046cee rw loglevel=3 quiet
fev 14 12:28:08 notWindows kernel: Dentry cache hash table entries: 2097152 (order: 12, 16777216 bytes, linear)
fev 14 12:28:08 notWindows kernel: Inode-cache hash table entries: 1048576 (order: 11, 8388608 bytes, linear)
fev 14 12:28:08 notWindows kernel: mem auto-init: stack:byref_all, heap alloc:on, heap free:off
fev 14 12:28:08 notWindows kernel: Memory: 16140592K/16737048K available (12291K kernel code, 1344K rwdata, 4272K rodata, 1664K init, 3388K bss, 596456K reserved, 0K cma-reserved)
fev 14 12:28:08 notWindows kernel: SLUB: HWalign=64, Order=0-3, MinObjects=0, CPUs=8, Nodes=1
fev 14 12:28:08 notWindows kernel: Kernel/User page tables isolation: enabled
fev 14 12:28:08 notWindows kernel: ftrace: allocating 38777 entries in 152 pages
fev 14 12:28:08 notWindows kernel: ftrace: allocated 152 pages with 3 groups
fev 14 12:28:08 notWindows kernel: rcu: Preemptible hierarchical RCU implementation.
fev 14 12:28:08 notWindows kernel: rcu:         RCU dyntick-idle grace-period acceleration is enabled.
fev 14 12:28:08 notWindows kernel: rcu:         RCU restricting CPUs from NR_CPUS=320 to nr_cpu_ids=8.
fev 14 12:28:08 notWindows kernel: rcu:         RCU priority boosting: priority 1 delay 500 ms.
fev 14 12:28:08 notWindows kernel:         Tasks RCU enabled.
fev 14 12:28:08 notWindows kernel: rcu: RCU calculated value of scheduler-enlistment delay is 30 jiffies.
fev 14 12:28:08 notWindows kernel: rcu: Adjusting geometry for rcu_fanout_leaf=16, nr_cpu_ids=8
fev 14 12:28:08 notWindows kernel: NR_IRQS: 20736, nr_irqs: 488, preallocated irqs: 16
fev 14 12:28:08 notWindows kernel: random: get_random_bytes called from start_kernel+0x390/0x56b with crng_init=0
fev 14 12:28:08 notWindows kernel: Console: colour dummy device 80x25
fev 14 12:28:08 notWindows kernel: printk: console [tty0] enabled
fev 14 12:28:08 notWindows kernel: ACPI: Core revision 20191018
fev 14 12:28:08 notWindows kernel: clocksource: hpet: mask: 0xffffffff max_cycles: 0xffffffff, max_idle_ns: 133484882848 ns
fev 14 12:28:08 notWindows kernel: APIC: Switch to symmetric I/O mode setup
fev 14 12:28:08 notWindows kernel: DMAR: Host address width 36
fev 14 12:28:08 notWindows kernel: DMAR: DRHD base: 0x000000fed90000 flags: 0x1
fev 14 12:28:08 notWindows kernel: DMAR: dmar0: reg_base_addr fed90000 ver 1:0 cap c9008020660262 ecap f0105a
fev 14 12:28:08 notWindows kernel: DMAR: RMRR base: 0x000000de54d000 end: 0x000000de559fff
fev 14 12:28:08 notWindows kernel: DMAR-IR: IOAPIC id 2 under DRHD base  0xfed90000 IOMMU 0
fev 14 12:28:08 notWindows kernel: DMAR-IR: HPET id 0 under DRHD base 0xfed90000
fev 14 12:28:08 notWindows kernel: DMAR-IR: Queued invalidation will be enabled to support x2apic and Intr-remapping.
fev 14 12:28:08 notWindows kernel: DMAR-IR: Enabled IRQ remapping in x2apic mode
fev 14 12:28:08 notWindows kernel: x2apic enabled
fev 14 12:28:08 notWindows kernel: Switched APIC routing to cluster x2apic.
fev 14 12:28:08 notWindows kernel: ..TIMER: vector=0x30 apic1=0 pin1=2 apic2=-1 pin2=-1
fev 14 12:28:08 notWindows kernel: clocksource: tsc-early: mask: 0xffffffffffffffff max_cycles: 0x30e51849efd, max_idle_ns: 440795203930 ns
fev 14 12:28:08 notWindows kernel: Calibrating delay loop (skipped), value calculated using timer frequency.. 6786.84 BogoMIPS (lpj=11306946)
fev 14 12:28:08 notWindows kernel: pid_max: default: 32768 minimum: 301
fev 14 12:28:08 notWindows kernel: LSM: Security Framework initializing
fev 14 12:28:08 notWindows kernel: Yama: becoming mindful.
fev 14 12:28:08 notWindows kernel: Mount-cache hash table entries: 32768 (order: 6, 262144 bytes, linear)
fev 14 12:28:08 notWindows kernel: Mountpoint-cache hash table entries: 32768 (order: 6, 262144 bytes, linear)
fev 14 12:28:08 notWindows kernel: *** VALIDATE tmpfs ***
fev 14 12:28:08 notWindows kernel: *** VALIDATE proc ***
fev 14 12:28:08 notWindows kernel: *** VALIDATE cgroup1 ***
fev 14 12:28:08 notWindows kernel: *** VALIDATE cgroup2 ***
fev 14 12:28:08 notWindows kernel: mce: CPU0: Thermal monitoring enabled (TM1)
fev 14 12:28:08 notWindows kernel: process: using mwait in idle threads
fev 14 12:28:08 notWindows kernel: Last level iTLB entries: 4KB 512, 2MB 8, 4MB 8
fev 14 12:28:08 notWindows kernel: Last level dTLB entries: 4KB 512, 2MB 32, 4MB 32, 1GB 0
fev 14 12:28:08 notWindows kernel: Spectre V1 : Mitigation: usercopy/swapgs barriers and __user pointer sanitization
fev 14 12:28:08 notWindows kernel: Spectre V2 : Mitigation: Full generic retpoline
fev 14 12:28:08 notWindows kernel: Spectre V2 : Spectre v2 / SpectreRSB mitigation: Filling RSB on context switch
fev 14 12:28:08 notWindows kernel: Spectre V2 : Enabling Restricted Speculation for firmware calls
fev 14 12:28:08 notWindows kernel: Spectre V2 : mitigation: Enabling conditional Indirect Branch Prediction Barrier
fev 14 12:28:08 notWindows kernel: Spectre V2 : User space: Mitigation: STIBP via seccomp and prctl
fev 14 12:28:08 notWindows kernel: Speculative Store Bypass: Mitigation: Speculative Store Bypass disabled via prctl and seccomp
fev 14 12:28:08 notWindows kernel: MDS: Mitigation: Clear CPU buffers
fev 14 12:28:08 notWindows kernel: Freeing SMP alternatives memory: 32K
fev 14 12:28:08 notWindows kernel: TSC deadline timer enabled
fev 14 12:28:08 notWindows kernel: smpboot: CPU0: Intel(R) Core(TM) i7-3770 CPU @ 3.40GHz (family: 0x6, model: 0x3a, stepping: 0x9)
fev 14 12:28:08 notWindows kernel: Performance Events: PEBS fmt1+, IvyBridge events, 16-deep LBR, full-width counters, Intel PMU driver.
fev 14 12:28:08 notWindows kernel: ... version:                3
fev 14 12:28:08 notWindows kernel: ... bit width:              48
fev 14 12:28:08 notWindows kernel: ... generic registers:      4
fev 14 12:28:08 notWindows kernel: ... value mask:             0000ffffffffffff
fev 14 12:28:08 notWindows kernel: ... max period:             00007fffffffffff
fev 14 12:28:08 notWindows kernel: ... fixed-purpose events:   3
fev 14 12:28:08 notWindows kernel: ... event mask:             000000070000000f
fev 14 12:28:08 notWindows kernel: rcu: Hierarchical SRCU implementation.
fev 14 12:28:08 notWindows kernel: NMI watchdog: Enabled. Permanently consumes one hw-PMU counter.
fev 14 12:28:08 notWindows kernel: smp: Bringing up secondary CPUs ...
fev 14 12:28:08 notWindows kernel: x86: Booting SMP configuration:
fev 14 12:28:08 notWindows kernel: .... node  #0, CPUs:      #1 #2 #3 #4
fev 14 12:28:08 notWindows kernel: MDS CPU bug present and SMT on, data leak possible. See https://www.kernel.org/doc/html/latest/admin-guide/hw-vuln/mds.html for more details.
fev 14 12:28:08 notWindows kernel:  #5 #6 #7
fev 14 12:28:08 notWindows kernel: smp: Brought up 1 node, 8 CPUs
fev 14 12:28:08 notWindows kernel: smpboot: Max logical packages: 1
fev 14 12:28:08 notWindows kernel: smpboot: Total of 8 processors activated (54295.73 BogoMIPS)
fev 14 12:28:08 notWindows kernel: devtmpfs: initialized
fev 14 12:28:08 notWindows kernel: x86/mm: Memory block size: 128MB
fev 14 12:28:08 notWindows kernel: PM: Registering ACPI NVS region [mem 0xde5b7000-0xde6defff] (1212416 bytes)
fev 14 12:28:08 notWindows kernel: PM: Registering ACPI NVS region [mem 0xdee7f000-0xdeec1fff] (274432 bytes)
fev 14 12:28:08 notWindows kernel: clocksource: jiffies: mask: 0xffffffff max_cycles: 0xffffffff, max_idle_ns: 6370867519511994 ns
fev 14 12:28:08 notWindows kernel: futex hash table entries: 2048 (order: 5, 131072 bytes, linear)
fev 14 12:28:08 notWindows kernel: pinctrl core: initialized pinctrl subsystem
fev 14 12:28:08 notWindows kernel: PM: RTC time: 12:28:05, date: 2020-02-14
fev 14 12:28:08 notWindows kernel: thermal_sys: Registered thermal governor 'fair_share'
fev 14 12:28:08 notWindows kernel: thermal_sys: Registered thermal governor 'bang_bang'
fev 14 12:28:08 notWindows kernel: thermal_sys: Registered thermal governor 'step_wise'
fev 14 12:28:08 notWindows kernel: thermal_sys: Registered thermal governor 'user_space'
fev 14 12:28:08 notWindows kernel: thermal_sys: Registered thermal governor 'power_allocator'
fev 14 12:28:08 notWindows kernel: NET: Registered protocol family 16
fev 14 12:28:08 notWindows kernel: audit: initializing netlink subsys (disabled)
fev 14 12:28:08 notWindows kernel: audit: type=2000 audit(1581683285.366:1): state=initialized audit_enabled=0 res=1
fev 14 12:28:08 notWindows kernel: cpuidle: using governor ladder
fev 14 12:28:08 notWindows kernel: cpuidle: using governor menu
fev 14 12:28:08 notWindows kernel: ACPI FADT declares the system doesn't support PCIe ASPM, so disable it
fev 14 12:28:08 notWindows kernel: ACPI: bus type PCI registered
fev 14 12:28:08 notWindows kernel: acpiphp: ACPI Hot Plug PCI Controller Driver version: 0.5
fev 14 12:28:08 notWindows kernel: PCI: MMCONFIG for domain 0000 [bus 00-3f] at [mem 0xf8000000-0xfbffffff] (base 0xf8000000)
fev 14 12:28:08 notWindows kernel: PCI: MMCONFIG at [mem 0xf8000000-0xfbffffff] reserved in E820
fev 14 12:28:08 notWindows kernel: PCI: Using configuration type 1 for base access
fev 14 12:28:08 notWindows kernel: core: PMU erratum BJ122, BV98, HSD29 worked around, HT is on
fev 14 12:28:08 notWindows kernel: ENERGY_PERF_BIAS: Set to 'normal', was 'performance'
fev 14 12:28:08 notWindows kernel: HugeTLB registered 2.00 MiB page size, pre-allocated 0 pages
fev 14 12:28:08 notWindows kernel: ACPI: Added _OSI(Module Device)
fev 14 12:28:08 notWindows kernel: ACPI: Added _OSI(Processor Device)
fev 14 12:28:08 notWindows kernel: ACPI: Added _OSI(3.0 _SCP Extensions)
fev 14 12:28:08 notWindows kernel: ACPI: Added _OSI(Processor Aggregator Device)
fev 14 12:28:08 notWindows kernel: ACPI: Added _OSI(Linux-Dell-Video)
fev 14 12:28:08 notWindows kernel: ACPI: Added _OSI(Linux-Lenovo-NV-HDMI-Audio)
fev 14 12:28:08 notWindows kernel: ACPI: Added _OSI(Linux-HPI-Hybrid-Graphics)
fev 14 12:28:08 notWindows kernel: ACPI: 5 ACPI AML tables successfully acquired and loaded
fev 14 12:28:08 notWindows kernel: ACPI: Dynamic OEM Table Load:
fev 14 12:28:08 notWindows kernel: ACPI: SSDT 0xFFFF914E8C474000 00083B (v01 PmRef  Cpu0Cst  00003001 INTL 20051117)
fev 14 12:28:08 notWindows kernel: ACPI: Dynamic OEM Table Load:
fev 14 12:28:08 notWindows kernel: ACPI: SSDT 0xFFFF914E8C40F400 000303 (v01 PmRef  ApIst    00003000 INTL 20051117)
fev 14 12:28:08 notWindows kernel: ACPI: Dynamic OEM Table Load:
fev 14 12:28:08 notWindows kernel: ACPI: SSDT 0xFFFF914E8C74F200 000119 (v01 PmRef  ApCst    00003000 INTL 20051117)
fev 14 12:28:08 notWindows kernel: ACPI: Interpreter enabled
fev 14 12:28:08 notWindows kernel: ACPI: (supports S0 S3 S4 S5)
fev 14 12:28:08 notWindows kernel: ACPI: Using IOAPIC for interrupt routing
fev 14 12:28:08 notWindows kernel: PCI: Using host bridge windows from ACPI; if necessary, use "pci=nocrs" and report a bug
fev 14 12:28:08 notWindows kernel: ACPI: Enabled 15 GPEs in block 00 to 3F
fev 14 12:28:08 notWindows kernel: ACPI: Power Resource [FN00] (off)
fev 14 12:28:08 notWindows kernel: ACPI: Power Resource [FN01] (off)
fev 14 12:28:08 notWindows kernel: ACPI: Power Resource [FN02] (off)
fev 14 12:28:08 notWindows kernel: ACPI: Power Resource [FN03] (off)
fev 14 12:28:08 notWindows kernel: ACPI: Power Resource [FN04] (off)
fev 14 12:28:08 notWindows kernel: ACPI: PCI Root Bridge [PCI0] (domain 0000 [bus 00-3e])
fev 14 12:28:08 notWindows kernel: acpi PNP0A08:00: _OSC: OS supports [ExtendedConfig ASPM ClockPM Segments MSI HPX-Type3]
fev 14 12:28:08 notWindows kernel: acpi PNP0A08:00: _OSC: platform does not support [PCIeHotplug SHPCHotplug PME]
fev 14 12:28:08 notWindows kernel: acpi PNP0A08:00: _OSC: OS now controls [AER PCIeCapability LTR]
fev 14 12:28:08 notWindows kernel: acpi PNP0A08:00: FADT indicates ASPM is unsupported, using BIOS configuration
fev 14 12:28:08 notWindows kernel: PCI host bridge to bus 0000:00
fev 14 12:28:08 notWindows kernel: pci_bus 0000:00: root bus resource [io  0x0000-0x0cf7 window]
fev 14 12:28:08 notWindows kernel: pci_bus 0000:00: root bus resource [io  0x0d00-0xffff window]
fev 14 12:28:08 notWindows kernel: pci_bus 0000:00: root bus resource [mem 0x000a0000-0x000bffff window]
fev 14 12:28:08 notWindows kernel: pci_bus 0000:00: root bus resource [mem 0x000d4000-0x000d7fff window]
fev 14 12:28:08 notWindows kernel: pci_bus 0000:00: root bus resource [mem 0x000d8000-0x000dbfff window]
fev 14 12:28:08 notWindows kernel: pci_bus 0000:00: root bus resource [mem 0x000dc000-0x000dffff window]
fev 14 12:28:08 notWindows kernel: pci_bus 0000:00: root bus resource [mem 0xe0000000-0xfeafffff window]
fev 14 12:28:08 notWindows kernel: pci_bus 0000:00: root bus resource [bus 00-3e]
fev 14 12:28:08 notWindows kernel: pci 0000:00:00.0: [8086:0150] type 00 class 0x060000
fev 14 12:28:08 notWindows kernel: pci 0000:00:01.0: [8086:0151] type 01 class 0x060400
fev 14 12:28:08 notWindows kernel: pci 0000:00:01.0: PME# supported from D0 D3hot D3cold
fev 14 12:28:08 notWindows kernel: pci 0000:00:16.0: [8086:1c3a] type 00 class 0x078000
fev 14 12:28:08 notWindows kernel: pci 0000:00:16.0: reg 0x10: [mem 0xf710a000-0xf710a00f 64bit]
fev 14 12:28:08 notWindows kernel: pci 0000:00:16.0: PME# supported from D0 D3hot D3cold
fev 14 12:28:08 notWindows kernel: pci 0000:00:1a.0: [8086:1c2d] type 00 class 0x0c0320
fev 14 12:28:08 notWindows kernel: pci 0000:00:1a.0: reg 0x10: [mem 0xf7108000-0xf71083ff]
fev 14 12:28:08 notWindows kernel: pci 0000:00:1a.0: PME# supported from D0 D3hot D3cold
fev 14 12:28:08 notWindows kernel: pci 0000:00:1b.0: [8086:1c20] type 00 class 0x040300
fev 14 12:28:08 notWindows kernel: pci 0000:00:1b.0: reg 0x10: [mem 0xf7100000-0xf7103fff 64bit]
fev 14 12:28:08 notWindows kernel: pci 0000:00:1b.0: PME# supported from D0 D3hot D3cold
fev 14 12:28:08 notWindows kernel: pci 0000:00:1c.0: [8086:1c10] type 01 class 0x060400
fev 14 12:28:08 notWindows kernel: pci 0000:00:1c.0: PME# supported from D0 D3hot D3cold
fev 14 12:28:08 notWindows kernel: pci 0000:00:1c.4: [8086:1c18] type 01 class 0x060400
fev 14 12:28:08 notWindows kernel: pci 0000:00:1c.4: PME# supported from D0 D3hot D3cold
fev 14 12:28:08 notWindows kernel: pci 0000:00:1d.0: [8086:1c26] type 00 class 0x0c0320
fev 14 12:28:08 notWindows kernel: pci 0000:00:1d.0: reg 0x10: [mem 0xf7107000-0xf71073ff]
fev 14 12:28:08 notWindows kernel: pci 0000:00:1d.0: PME# supported from D0 D3hot D3cold
fev 14 12:28:08 notWindows kernel: pci 0000:00:1f.0: [8086:1c5c] type 00 class 0x060100
fev 14 12:28:08 notWindows kernel: pci 0000:00:1f.2: [8086:1c02] type 00 class 0x010601
fev 14 12:28:08 notWindows kernel: pci 0000:00:1f.2: reg 0x10: [io  0xf070-0xf077]
fev 14 12:28:08 notWindows kernel: pci 0000:00:1f.2: reg 0x14: [io  0xf060-0xf063]
fev 14 12:28:08 notWindows kernel: pci 0000:00:1f.2: reg 0x18: [io  0xf050-0xf057]
fev 14 12:28:08 notWindows kernel: pci 0000:00:1f.2: reg 0x1c: [io  0xf040-0xf043]
fev 14 12:28:08 notWindows kernel: pci 0000:00:1f.2: reg 0x20: [io  0xf020-0xf03f]
fev 14 12:28:08 notWindows kernel: pci 0000:00:1f.2: reg 0x24: [mem 0xf7106000-0xf71067ff]
fev 14 12:28:08 notWindows kernel: pci 0000:00:1f.2: PME# supported from D3hot
fev 14 12:28:08 notWindows kernel: pci 0000:00:1f.3: [8086:1c22] type 00 class 0x0c0500
fev 14 12:28:08 notWindows kernel: pci 0000:00:1f.3: reg 0x10: [mem 0xf7105000-0xf71050ff 64bit]
fev 14 12:28:08 notWindows kernel: pci 0000:00:1f.3: reg 0x20: [io  0xf000-0xf01f]
fev 14 12:28:08 notWindows kernel: pci 0000:01:00.0: [10de:1c02] type 00 class 0x030000
fev 14 12:28:08 notWindows kernel: pci 0000:01:00.0: reg 0x10: [mem 0xf6000000-0xf6ffffff]
fev 14 12:28:08 notWindows kernel: pci 0000:01:00.0: reg 0x14: [mem 0xe0000000-0xefffffff 64bit pref]
fev 14 12:28:08 notWindows kernel: pci 0000:01:00.0: reg 0x1c: [mem 0xf0000000-0xf1ffffff 64bit pref]
fev 14 12:28:08 notWindows kernel: pci 0000:01:00.0: reg 0x24: [io  0xe000-0xe07f]
fev 14 12:28:08 notWindows kernel: pci 0000:01:00.0: reg 0x30: [mem 0xf7000000-0xf707ffff pref]
fev 14 12:28:08 notWindows kernel: pci 0000:01:00.0: enabling Extended Tags
fev 14 12:28:08 notWindows kernel: pci 0000:01:00.0: BAR 3: assigned to efifb
fev 14 12:28:08 notWindows kernel: pci 0000:01:00.0: 32.000 Gb/s available PCIe bandwidth, limited by 2.5 GT/s x16 link at 0000:00:01.0 (capable of 126.016 Gb/s with 8 GT/s x16 link)
fev 14 12:28:08 notWindows kernel: pci 0000:01:00.1: [10de:10f1] type 00 class 0x040300
fev 14 12:28:08 notWindows kernel: pci 0000:01:00.1: reg 0x10: [mem 0xf7080000-0xf7083fff]
fev 14 12:28:08 notWindows kernel: pci 0000:01:00.1: enabling Extended Tags
fev 14 12:28:08 notWindows kernel: pci 0000:00:01.0: PCI bridge to [bus 01]
fev 14 12:28:08 notWindows kernel: pci 0000:00:01.0:   bridge window [io  0xe000-0xefff]
fev 14 12:28:08 notWindows kernel: pci 0000:00:01.0:   bridge window [mem 0xf6000000-0xf70fffff]
fev 14 12:28:08 notWindows kernel: pci 0000:00:01.0:   bridge window [mem 0xe0000000-0xf1ffffff 64bit pref]
fev 14 12:28:08 notWindows kernel: pci 0000:00:1c.0: PCI bridge to [bus 02]
fev 14 12:28:08 notWindows kernel: pci 0000:03:00.0: [10ec:8168] type 00 class 0x020000
fev 14 12:28:08 notWindows kernel: pci 0000:03:00.0: reg 0x10: [io  0xd000-0xd0ff]
fev 14 12:28:08 notWindows kernel: pci 0000:03:00.0: reg 0x18: [mem 0xf2104000-0xf2104fff 64bit pref]
fev 14 12:28:08 notWindows kernel: pci 0000:03:00.0: reg 0x20: [mem 0xf2100000-0xf2103fff 64bit pref]
fev 14 12:28:08 notWindows kernel: pci 0000:03:00.0: supports D1 D2
fev 14 12:28:08 notWindows kernel: pci 0000:03:00.0: PME# supported from D0 D1 D2 D3hot D3cold
fev 14 12:28:08 notWindows kernel: pci 0000:00:1c.4: PCI bridge to [bus 03]
fev 14 12:28:08 notWindows kernel: pci 0000:00:1c.4:   bridge window [io  0xd000-0xdfff]
fev 14 12:28:08 notWindows kernel: pci 0000:00:1c.4:   bridge window [mem 0xf2100000-0xf21fffff 64bit pref]
fev 14 12:28:08 notWindows kernel: ACPI: PCI Interrupt Link [LNKA] (IRQs 3 4 5 6 10 *11 12 14 15)
fev 14 12:28:08 notWindows kernel: ACPI: PCI Interrupt Link [LNKB] (IRQs 3 4 5 6 *10 11 12 14 15)
fev 14 12:28:08 notWindows kernel: ACPI: PCI Interrupt Link [LNKC] (IRQs 3 4 5 6 10 *11 12 14 15)
fev 14 12:28:08 notWindows kernel: ACPI: PCI Interrupt Link [LNKD] (IRQs 3 4 *5 6 10 11 12 14 15)
fev 14 12:28:08 notWindows kernel: ACPI: PCI Interrupt Link [LNKE] (IRQs 3 4 5 6 10 11 12 14 15) *0, disabled.
fev 14 12:28:08 notWindows kernel: ACPI: PCI Interrupt Link [LNKF] (IRQs 3 4 5 6 10 11 12 14 15) *0, disabled.
fev 14 12:28:08 notWindows kernel: ACPI: PCI Interrupt Link [LNKG] (IRQs *3 4 5 6 10 11 12 14 15)
fev 14 12:28:08 notWindows kernel: ACPI: PCI Interrupt Link [LNKH] (IRQs 3 *4 5 6 10 11 12 14 15)
fev 14 12:28:08 notWindows kernel: iommu: Default domain type: Translated 
fev 14 12:28:08 notWindows kernel: pci 0000:01:00.0: vgaarb: setting as boot VGA device
fev 14 12:28:08 notWindows kernel: pci 0000:01:00.0: vgaarb: VGA device added: decodes=io+mem,owns=io+mem,locks=none
fev 14 12:28:08 notWindows kernel: pci 0000:01:00.0: vgaarb: bridge control possible
fev 14 12:28:08 notWindows kernel: vgaarb: loaded
fev 14 12:28:08 notWindows kernel: ACPI: bus type USB registered
fev 14 12:28:08 notWindows kernel: usbcore: registered new interface driver usbfs
fev 14 12:28:08 notWindows kernel: usbcore: registered new interface driver hub
fev 14 12:28:08 notWindows kernel: usbcore: registered new device driver usb
fev 14 12:28:08 notWindows kernel: pps_core: LinuxPPS API ver. 1 registered
fev 14 12:28:08 notWindows kernel: pps_core: Software ver. 5.3.6 - Copyright 2005-2007 Rodolfo Giometti <giometti@linux.it>
fev 14 12:28:08 notWindows kernel: PTP clock support registered
fev 14 12:28:08 notWindows kernel: EDAC MC: Ver: 3.0.0
fev 14 12:28:08 notWindows kernel: Registered efivars operations
fev 14 12:28:08 notWindows kernel: PCI: Using ACPI for IRQ routing
fev 14 12:28:08 notWindows kernel: PCI: pci_cache_line_size set to 64 bytes
fev 14 12:28:08 notWindows kernel: e820: reserve RAM buffer [mem 0x0009f000-0x0009ffff]
fev 14 12:28:08 notWindows kernel: e820: reserve RAM buffer [mem 0xd2ca5000-0xd3ffffff]
fev 14 12:28:08 notWindows kernel: e820: reserve RAM buffer [mem 0xde1f0000-0xdfffffff]
fev 14 12:28:08 notWindows kernel: e820: reserve RAM buffer [mem 0xdee7f000-0xdfffffff]
fev 14 12:28:08 notWindows kernel: e820: reserve RAM buffer [mem 0xdf5d5000-0xdfffffff]
fev 14 12:28:08 notWindows kernel: e820: reserve RAM buffer [mem 0xdf800000-0xdfffffff]
fev 14 12:28:08 notWindows kernel: e820: reserve RAM buffer [mem 0x41f000000-0x41fffffff]
fev 14 12:28:08 notWindows kernel: NetLabel: Initializing
fev 14 12:28:08 notWindows kernel: NetLabel:  domain hash size = 128
fev 14 12:28:08 notWindows kernel: NetLabel:  protocols = UNLABELED CIPSOv4 CALIPSO
fev 14 12:28:08 notWindows kernel: NetLabel:  unlabeled traffic allowed by default
fev 14 12:28:08 notWindows kernel: hpet0: at MMIO 0xfed00000, IRQs 2, 8, 0, 0, 0, 0, 0, 0
fev 14 12:28:08 notWindows kernel: hpet0: 8 comparators, 64-bit 14.318180 MHz counter
fev 14 12:28:08 notWindows kernel: clocksource: Switched to clocksource tsc-early
fev 14 12:28:08 notWindows kernel: *** VALIDATE bpf ***
fev 14 12:28:08 notWindows kernel: VFS: Disk quotas dquot_6.6.0
fev 14 12:28:08 notWindows kernel: VFS: Dquot-cache hash table entries: 512 (order 0, 4096 bytes)
fev 14 12:28:08 notWindows kernel: *** VALIDATE ramfs ***
fev 14 12:28:08 notWindows kernel: *** VALIDATE hugetlbfs ***
fev 14 12:28:08 notWindows kernel: pnp: PnP ACPI init
fev 14 12:28:08 notWindows kernel: system 00:00: [mem 0xfed40000-0xfed44fff] has been reserved
fev 14 12:28:08 notWindows kernel: system 00:00: Plug and Play ACPI device, IDs PNP0c01 (active)
fev 14 12:28:08 notWindows kernel: system 00:01: [io  0x0680-0x069f] has been reserved
fev 14 12:28:08 notWindows kernel: system 00:01: [io  0x0200-0x020f] has been reserved
fev 14 12:28:08 notWindows kernel: system 00:01: [io  0xffff] has been reserved
fev 14 12:28:08 notWindows kernel: system 00:01: [io  0xffff] has been reserved
fev 14 12:28:08 notWindows kernel: system 00:01: [io  0x0400-0x0453] has been reserved
fev 14 12:28:08 notWindows kernel: system 00:01: [io  0x0458-0x047f] has been reserved
fev 14 12:28:08 notWindows kernel: system 00:01: [io  0x0500-0x057f] has been reserved
fev 14 12:28:08 notWindows kernel: system 00:01: Plug and Play ACPI device, IDs PNP0c02 (active)
fev 14 12:28:08 notWindows kernel: pnp 00:02: Plug and Play ACPI device, IDs PNP0b00 (active)
fev 14 12:28:08 notWindows kernel: system 00:03: [io  0x0454-0x0457] has been reserved
fev 14 12:28:08 notWindows kernel: system 00:03: Plug and Play ACPI device, IDs INT3f0d PNP0c02 (active)
fev 14 12:28:08 notWindows kernel: system 00:04: [io  0x0a00-0x0a0f] has been reserved
fev 14 12:28:08 notWindows kernel: system 00:04: [io  0x0a30-0x0a3f] has been reserved
fev 14 12:28:08 notWindows kernel: system 00:04: [io  0x0a20-0x0a2f] has been reserved
fev 14 12:28:08 notWindows kernel: system 00:04: Plug and Play ACPI device, IDs PNP0c02 (active)
fev 14 12:28:08 notWindows kernel: system 00:05: [io  0x04d0-0x04d1] has been reserved
fev 14 12:28:08 notWindows kernel: system 00:05: Plug and Play ACPI device, IDs PNP0c02 (active)
fev 14 12:28:08 notWindows kernel: system 00:06: [mem 0xfed1c000-0xfed1ffff] has been reserved
fev 14 12:28:08 notWindows kernel: system 00:06: [mem 0xfed10000-0xfed17fff] has been reserved
fev 14 12:28:08 notWindows kernel: system 00:06: [mem 0xfed18000-0xfed18fff] has been reserved
fev 14 12:28:08 notWindows kernel: system 00:06: [mem 0xfed19000-0xfed19fff] has been reserved
fev 14 12:28:08 notWindows kernel: system 00:06: [mem 0xf8000000-0xfbffffff] has been reserved
fev 14 12:28:08 notWindows kernel: system 00:06: [mem 0xfed20000-0xfed3ffff] has been reserved
fev 14 12:28:08 notWindows kernel: system 00:06: [mem 0xfed90000-0xfed93fff] could not be reserved
fev 14 12:28:08 notWindows kernel: system 00:06: [mem 0xfed45000-0xfed8ffff] has been reserved
fev 14 12:28:08 notWindows kernel: system 00:06: [mem 0xff000000-0xffffffff] has been reserved
fev 14 12:28:08 notWindows kernel: system 00:06: [mem 0xfee00000-0xfeefffff] could not be reserved
fev 14 12:28:08 notWindows kernel: system 00:06: [mem 0xf2200000-0xf2200fff] has been reserved
fev 14 12:28:08 notWindows kernel: system 00:06: Plug and Play ACPI device, IDs PNP0c02 (active)
fev 14 12:28:08 notWindows kernel: pnp: PnP ACPI: found 7 devices
fev 14 12:28:08 notWindows kernel: clocksource: acpi_pm: mask: 0xffffff max_cycles: 0xffffff, max_idle_ns: 2085701024 ns
fev 14 12:28:08 notWindows kernel: pci 0000:00:01.0: PCI bridge to [bus 01]
fev 14 12:28:08 notWindows kernel: pci 0000:00:01.0:   bridge window [io  0xe000-0xefff]
fev 14 12:28:08 notWindows kernel: pci 0000:00:01.0:   bridge window [mem 0xf6000000-0xf70fffff]
fev 14 12:28:08 notWindows kernel: pci 0000:00:01.0:   bridge window [mem 0xe0000000-0xf1ffffff 64bit pref]
fev 14 12:28:08 notWindows kernel: pci 0000:00:1c.0: PCI bridge to [bus 02]
fev 14 12:28:08 notWindows kernel: pci 0000:00:1c.4: PCI bridge to [bus 03]
fev 14 12:28:08 notWindows kernel: pci 0000:00:1c.4:   bridge window [io  0xd000-0xdfff]
fev 14 12:28:08 notWindows kernel: pci 0000:00:1c.4:   bridge window [mem 0xf2100000-0xf21fffff 64bit pref]
fev 14 12:28:08 notWindows kernel: pci_bus 0000:00: resource 4 [io  0x0000-0x0cf7 window]
fev 14 12:28:08 notWindows kernel: pci_bus 0000:00: resource 5 [io  0x0d00-0xffff window]
fev 14 12:28:08 notWindows kernel: pci_bus 0000:00: resource 6 [mem 0x000a0000-0x000bffff window]
fev 14 12:28:08 notWindows kernel: pci_bus 0000:00: resource 7 [mem 0x000d4000-0x000d7fff window]
fev 14 12:28:08 notWindows kernel: pci_bus 0000:00: resource 8 [mem 0x000d8000-0x000dbfff window]
fev 14 12:28:08 notWindows kernel: pci_bus 0000:00: resource 9 [mem 0x000dc000-0x000dffff window]
fev 14 12:28:08 notWindows kernel: pci_bus 0000:00: resource 10 [mem 0xe0000000-0xfeafffff window]
fev 14 12:28:08 notWindows kernel: pci_bus 0000:01: resource 0 [io  0xe000-0xefff]
fev 14 12:28:08 notWindows kernel: pci_bus 0000:01: resource 1 [mem 0xf6000000-0xf70fffff]
fev 14 12:28:08 notWindows kernel: pci_bus 0000:01: resource 2 [mem 0xe0000000-0xf1ffffff 64bit pref]
fev 14 12:28:08 notWindows kernel: pci_bus 0000:03: resource 0 [io  0xd000-0xdfff]
fev 14 12:28:08 notWindows kernel: pci_bus 0000:03: resource 2 [mem 0xf2100000-0xf21fffff 64bit pref]
fev 14 12:28:08 notWindows kernel: NET: Registered protocol family 2
fev 14 12:28:08 notWindows kernel: tcp_listen_portaddr_hash hash table entries: 8192 (order: 5, 131072 bytes, linear)
fev 14 12:28:08 notWindows kernel: TCP established hash table entries: 131072 (order: 8, 1048576 bytes, linear)
fev 14 12:28:08 notWindows kernel: TCP bind hash table entries: 65536 (order: 8, 1048576 bytes, linear)
fev 14 12:28:08 notWindows kernel: TCP: Hash tables configured (established 131072 bind 65536)
fev 14 12:28:08 notWindows kernel: UDP hash table entries: 8192 (order: 6, 262144 bytes, linear)
fev 14 12:28:08 notWindows kernel: UDP-Lite hash table entries: 8192 (order: 6, 262144 bytes, linear)
fev 14 12:28:08 notWindows kernel: NET: Registered protocol family 1
fev 14 12:28:08 notWindows kernel: NET: Registered protocol family 44
fev 14 12:28:08 notWindows kernel: pci 0000:01:00.0: Video device with shadowed ROM at [mem 0x000c0000-0x000dffff]
fev 14 12:28:08 notWindows kernel: pci 0000:01:00.1: D0 power state depends on 0000:01:00.0
fev 14 12:28:08 notWindows kernel: pci 0000:03:00.0: CLS mismatch (64 != 32), using 64 bytes
fev 14 12:28:08 notWindows kernel: Trying to unpack rootfs image as initramfs...
fev 14 12:28:08 notWindows kernel: Freeing initrd memory: 11996K
fev 14 12:28:08 notWindows kernel: PCI-DMA: Using software bounce buffering for IO (SWIOTLB)
fev 14 12:28:08 notWindows kernel: software IO TLB: mapped [mem 0xcdd92000-0xd1d92000] (64MB)
fev 14 12:28:08 notWindows kernel: check: Scanning for low memory corruption every 60 seconds
fev 14 12:28:08 notWindows kernel: Initialise system trusted keyrings
fev 14 12:28:08 notWindows kernel: Key type blacklist registered
fev 14 12:28:08 notWindows kernel: workingset: timestamp_bits=41 max_order=22 bucket_order=0
fev 14 12:28:08 notWindows kernel: zbud: loaded
fev 14 12:28:08 notWindows kernel: Key type asymmetric registered
fev 14 12:28:08 notWindows kernel: Asymmetric key parser 'x509' registered
fev 14 12:28:08 notWindows kernel: Block layer SCSI generic (bsg) driver version 0.4 loaded (major 245)
fev 14 12:28:08 notWindows kernel: io scheduler mq-deadline registered
fev 14 12:28:08 notWindows kernel: io scheduler kyber registered
fev 14 12:28:08 notWindows kernel: io scheduler bfq registered
fev 14 12:28:08 notWindows kernel: shpchp: Standard Hot Plug PCI Controller Driver version: 0.4
fev 14 12:28:08 notWindows kernel: efifb: probing for efifb
fev 14 12:28:08 notWindows kernel: efifb: showing boot graphics
fev 14 12:28:08 notWindows kernel: efifb: framebuffer at 0xf1000000, using 3072k, total 3072k
fev 14 12:28:08 notWindows kernel: efifb: mode is 1024x768x32, linelength=4096, pages=1
fev 14 12:28:08 notWindows kernel: efifb: scrolling: redraw
fev 14 12:28:08 notWindows kernel: efifb: Truecolor: size=8:8:8:8, shift=24:16:8:0
fev 14 12:28:08 notWindows kernel: fbcon: Deferring console take-over
fev 14 12:28:08 notWindows kernel: fb0: EFI VGA frame buffer device
fev 14 12:28:08 notWindows kernel: intel_idle: MWAIT substates: 0x1120
fev 14 12:28:08 notWindows kernel: intel_idle: v0.4.1 model 0x3A
fev 14 12:28:08 notWindows kernel: intel_idle: lapic_timer_reliable_states 0xffffffff
fev 14 12:28:08 notWindows kernel: input: Power Button as /devices/LNXSYSTM:00/LNXSYBUS:00/PNP0C0C:00/input/input0
fev 14 12:28:08 notWindows kernel: ACPI: Power Button [PWRB]
fev 14 12:28:08 notWindows kernel: input: Power Button as /devices/LNXSYSTM:00/LNXPWRBN:00/input/input1
fev 14 12:28:08 notWindows kernel: ACPI: Power Button [PWRF]
fev 14 12:28:08 notWindows kernel: thermal LNXTHERM:00: registered as thermal_zone0
fev 14 12:28:08 notWindows kernel: ACPI: Thermal Zone [TZ00] (28 C)
fev 14 12:28:08 notWindows kernel: thermal LNXTHERM:01: registered as thermal_zone1
fev 14 12:28:08 notWindows kernel: ACPI: Thermal Zone [TZ01] (30 C)
fev 14 12:28:08 notWindows kernel: Serial: 8250/16550 driver, 4 ports, IRQ sharing enabled
fev 14 12:28:08 notWindows kernel: AMD-Vi: AMD IOMMUv2 driver by Joerg Roedel <jroedel@suse.de>
fev 14 12:28:08 notWindows kernel: AMD-Vi: AMD IOMMUv2 functionality not available on this system
fev 14 12:28:08 notWindows kernel: usbcore: registered new interface driver usbserial_generic
fev 14 12:28:08 notWindows kernel: usbserial: USB Serial support registered for generic
fev 14 12:28:08 notWindows kernel: rtc_cmos 00:02: RTC can wake from S4
fev 14 12:28:08 notWindows kernel: rtc_cmos 00:02: registered as rtc0
fev 14 12:28:08 notWindows kernel: rtc_cmos 00:02: alarms up to one month, y3k, 242 bytes nvram, hpet irqs
fev 14 12:28:08 notWindows kernel: intel_pstate: Intel P-state driver initializing
fev 14 12:28:08 notWindows kernel: ledtrig-cpu: registered to indicate activity on CPUs
fev 14 12:28:08 notWindows kernel: drop_monitor: Initializing network drop monitor service
fev 14 12:28:08 notWindows kernel: NET: Registered protocol family 10
fev 14 12:28:08 notWindows kernel: Segment Routing with IPv6
fev 14 12:28:08 notWindows kernel: NET: Registered protocol family 17
fev 14 12:28:08 notWindows kernel: RAS: Correctable Errors collector initialized.
fev 14 12:28:08 notWindows kernel: microcode: sig=0x306a9, pf=0x2, revision=0x21
fev 14 12:28:08 notWindows kernel: microcode: Microcode Update Driver: v2.2.
fev 14 12:28:08 notWindows kernel: IPI shorthand broadcast: enabled
fev 14 12:28:08 notWindows kernel: sched_clock: Marking stable (780255330, 144987)->(793648275, -13247958)
fev 14 12:28:08 notWindows kernel: registered taskstats version 1
fev 14 12:28:08 notWindows kernel: Loading compiled-in X.509 certificates
fev 14 12:28:08 notWindows kernel: Loaded X.509 cert 'Build time autogenerated kernel key: 2d782a3843704ec46ac9e765c6011fb362399917'
fev 14 12:28:08 notWindows kernel: zswap: loaded using pool lzo/zbud
fev 14 12:28:08 notWindows kernel: Key type ._fscrypt registered
fev 14 12:28:08 notWindows kernel: Key type .fscrypt registered
fev 14 12:28:08 notWindows kernel: Key type big_key registered
fev 14 12:28:08 notWindows kernel: PM:   Magic number: 8:225:481
fev 14 12:28:08 notWindows kernel: rtc_cmos 00:02: setting system clock to 2020-02-14T12:28:06 UTC (1581683286)
fev 14 12:28:08 notWindows kernel: Freeing unused decrypted memory: 2040K
fev 14 12:28:08 notWindows kernel: Freeing unused kernel image (initmem) memory: 1664K
fev 14 12:28:08 notWindows kernel: Write protecting the kernel read-only data: 20480k
fev 14 12:28:08 notWindows kernel: Freeing unused kernel image (text/rodata gap) memory: 2044K
fev 14 12:28:08 notWindows kernel: Freeing unused kernel image (rodata/data gap) memory: 1872K
fev 14 12:28:08 notWindows kernel: x86/mm: Checked W+X mappings: passed, no W+X pages found.
fev 14 12:28:08 notWindows kernel: x86/mm: Checking user space page tables
fev 14 12:28:08 notWindows kernel: x86/mm: Checked W+X mappings: passed, no W+X pages found.
fev 14 12:28:08 notWindows kernel: Run /init as init process
fev 14 12:28:08 notWindows kernel: fbcon: Taking over console
fev 14 12:28:08 notWindows kernel: Console: switching to colour frame buffer device 128x48
fev 14 12:28:08 notWindows kernel: ehci_hcd: USB 2.0 'Enhanced' Host Controller (EHCI) Driver
fev 14 12:28:08 notWindows kernel: ehci-pci: EHCI PCI platform driver
fev 14 12:28:08 notWindows kernel: ehci-pci 0000:00:1a.0: EHCI Host Controller
fev 14 12:28:08 notWindows kernel: ehci-pci 0000:00:1a.0: new USB bus registered, assigned bus number 1
fev 14 12:28:08 notWindows kernel: ehci-pci 0000:00:1a.0: debug port 2
fev 14 12:28:08 notWindows kernel: SCSI subsystem initialized
fev 14 12:28:08 notWindows kernel: ehci-pci 0000:00:1a.0: cache line size of 64 is not supported
fev 14 12:28:08 notWindows kernel: ehci-pci 0000:00:1a.0: irq 16, io mem 0xf7108000
fev 14 12:28:08 notWindows kernel: libata version 3.00 loaded.
fev 14 12:28:08 notWindows kernel: ahci 0000:00:1f.2: version 3.0
fev 14 12:28:08 notWindows kernel: ehci-pci 0000:00:1a.0: USB 2.0 started, EHCI 1.00
fev 14 12:28:08 notWindows kernel: usb usb1: New USB device found, idVendor=1d6b, idProduct=0002, bcdDevice= 5.05
fev 14 12:28:08 notWindows kernel: usb usb1: New USB device strings: Mfr=3, Product=2, SerialNumber=1
fev 14 12:28:08 notWindows kernel: usb usb1: Product: EHCI Host Controller
fev 14 12:28:08 notWindows kernel: usb usb1: Manufacturer: Linux 5.5.3-arch1-1 ehci_hcd
fev 14 12:28:08 notWindows kernel: usb usb1: SerialNumber: 0000:00:1a.0
fev 14 12:28:08 notWindows kernel: hub 1-0:1.0: USB hub found
fev 14 12:28:08 notWindows kernel: hub 1-0:1.0: 2 ports detected
fev 14 12:28:08 notWindows kernel: ehci-pci 0000:00:1d.0: EHCI Host Controller
fev 14 12:28:08 notWindows kernel: ehci-pci 0000:00:1d.0: new USB bus registered, assigned bus number 2
fev 14 12:28:08 notWindows kernel: ehci-pci 0000:00:1d.0: debug port 2
fev 14 12:28:08 notWindows kernel: ehci-pci 0000:00:1d.0: cache line size of 64 is not supported
fev 14 12:28:08 notWindows kernel: ehci-pci 0000:00:1d.0: irq 23, io mem 0xf7107000
fev 14 12:28:08 notWindows kernel: ahci 0000:00:1f.2: AHCI 0001.0300 32 slots 4 ports 3 Gbps 0x13 impl SATA mode
fev 14 12:28:08 notWindows kernel: ahci 0000:00:1f.2: flags: 64bit ncq led clo pio slum part ems apst 
fev 14 12:28:08 notWindows kernel: ehci-pci 0000:00:1d.0: USB 2.0 started, EHCI 1.00
fev 14 12:28:08 notWindows kernel: usb usb2: New USB device found, idVendor=1d6b, idProduct=0002, bcdDevice= 5.05
fev 14 12:28:08 notWindows kernel: usb usb2: New USB device strings: Mfr=3, Product=2, SerialNumber=1
fev 14 12:28:08 notWindows kernel: usb usb2: Product: EHCI Host Controller
fev 14 12:28:08 notWindows kernel: usb usb2: Manufacturer: Linux 5.5.3-arch1-1 ehci_hcd
fev 14 12:28:08 notWindows kernel: usb usb2: SerialNumber: 0000:00:1d.0
fev 14 12:28:08 notWindows kernel: hub 2-0:1.0: USB hub found
fev 14 12:28:08 notWindows kernel: hub 2-0:1.0: 2 ports detected
fev 14 12:28:08 notWindows kernel: scsi host0: ahci
fev 14 12:28:08 notWindows kernel: scsi host1: ahci
fev 14 12:28:08 notWindows kernel: scsi host2: ahci
fev 14 12:28:08 notWindows kernel: scsi host3: ahci
fev 14 12:28:08 notWindows kernel: scsi host4: ahci
fev 14 12:28:08 notWindows kernel: ata1: SATA max UDMA/133 abar m2048@0xf7106000 port 0xf7106100 irq 28
fev 14 12:28:08 notWindows kernel: ata2: SATA max UDMA/133 abar m2048@0xf7106000 port 0xf7106180 irq 28
fev 14 12:28:08 notWindows kernel: ata3: DUMMY
fev 14 12:28:08 notWindows kernel: ata4: DUMMY
fev 14 12:28:08 notWindows kernel: ata5: SATA max UDMA/133 abar m2048@0xf7106000 port 0xf7106300 irq 28
fev 14 12:28:08 notWindows kernel: usb 1-1: new high-speed USB device number 2 using ehci-pci
fev 14 12:28:08 notWindows kernel: usb 2-1: new high-speed USB device number 2 using ehci-pci
fev 14 12:28:08 notWindows kernel: ata5: SATA link up 1.5 Gbps (SStatus 113 SControl 300)
fev 14 12:28:08 notWindows kernel: ata2: SATA link up 3.0 Gbps (SStatus 123 SControl 300)
fev 14 12:28:08 notWindows kernel: ata1: SATA link up 3.0 Gbps (SStatus 123 SControl 300)
fev 14 12:28:08 notWindows kernel: ACPI BIOS Error (bug): Could not resolve symbol [\_SB.PCI0.SAT0.SPT0._GTF.DSSP], AE_NOT_FOUND (20191018/psargs-330)
fev 14 12:28:08 notWindows kernel: ACPI Error: Aborting method \_SB.PCI0.SAT0.SPT0._GTF due to previous error (AE_NOT_FOUND) (20191018/psparse-529)
fev 14 12:28:08 notWindows kernel: ACPI BIOS Error (bug): Could not resolve symbol [\_SB.PCI0.SAT0.SPT1._GTF.DSSP], AE_NOT_FOUND (20191018/psargs-330)
fev 14 12:28:08 notWindows kernel: ACPI Error: Aborting method \_SB.PCI0.SAT0.SPT1._GTF due to previous error (AE_NOT_FOUND) (20191018/psparse-529)
fev 14 12:28:08 notWindows kernel: ata1.00: ATA-11: KINGSTON SUV400S37240G, 0C3J96R9, max UDMA/133
fev 14 12:28:08 notWindows kernel: ata1.00: 468862128 sectors, multi 16: LBA48 NCQ (depth 32), AA
fev 14 12:28:08 notWindows kernel: ata2.00: ATA-9: WDC WD10EZEX-00BN5A0, 01.01A01, max UDMA/133
fev 14 12:28:08 notWindows kernel: ata2.00: 1953525168 sectors, multi 16: LBA48 NCQ (depth 32), AA
fev 14 12:28:08 notWindows kernel: ACPI BIOS Error (bug): Could not resolve symbol [\_SB.PCI0.SAT0.SPT0._GTF.DSSP], AE_NOT_FOUND (20191018/psargs-330)
fev 14 12:28:08 notWindows kernel: ACPI Error: Aborting method \_SB.PCI0.SAT0.SPT0._GTF due to previous error (AE_NOT_FOUND) (20191018/psparse-529)
fev 14 12:28:08 notWindows kernel: ACPI BIOS Error (bug): Could not resolve symbol [\_SB.PCI0.SAT0.SPT4._GTF.DSSP], AE_NOT_FOUND (20191018/psargs-330)
fev 14 12:28:08 notWindows kernel: ACPI Error: Aborting method \_SB.PCI0.SAT0.SPT4._GTF due to previous error (AE_NOT_FOUND) (20191018/psparse-529)
fev 14 12:28:08 notWindows kernel: ata5.00: ATAPI: HL-DT-ST DVDRAM GH24NSC0, LK00, max UDMA/133
fev 14 12:28:08 notWindows kernel: ata1.00: configured for UDMA/133
fev 14 12:28:08 notWindows kernel: ACPI BIOS Error (bug): Could not resolve symbol [\_SB.PCI0.SAT0.SPT1._GTF.DSSP], AE_NOT_FOUND (20191018/psargs-330)
fev 14 12:28:08 notWindows kernel: ACPI Error: Aborting method \_SB.PCI0.SAT0.SPT1._GTF due to previous error (AE_NOT_FOUND) (20191018/psparse-529)
fev 14 12:28:08 notWindows kernel: scsi 0:0:0:0: Direct-Access     ATA      KINGSTON SUV400S 96R9 PQ: 0 ANSI: 5
fev 14 12:28:08 notWindows kernel: ata2.00: configured for UDMA/133
fev 14 12:28:08 notWindows kernel: scsi 1:0:0:0: Direct-Access     ATA      WDC WD10EZEX-00B 1A01 PQ: 0 ANSI: 5
fev 14 12:28:08 notWindows kernel: ACPI BIOS Error (bug): Could not resolve symbol [\_SB.PCI0.SAT0.SPT4._GTF.DSSP], AE_NOT_FOUND (20191018/psargs-330)
fev 14 12:28:08 notWindows kernel: ACPI Error: Aborting method \_SB.PCI0.SAT0.SPT4._GTF due to previous error (AE_NOT_FOUND) (20191018/psparse-529)
fev 14 12:28:08 notWindows kernel: ata5.00: configured for UDMA/133
fev 14 12:28:08 notWindows kernel: scsi 4:0:0:0: CD-ROM            HL-DT-ST DVDRAM GH24NSC0  LK00 PQ: 0 ANSI: 5
fev 14 12:28:08 notWindows kernel: usb 1-1: New USB device found, idVendor=8087, idProduct=0024, bcdDevice= 0.00
fev 14 12:28:08 notWindows kernel: usb 1-1: New USB device strings: Mfr=0, Product=0, SerialNumber=0
fev 14 12:28:08 notWindows kernel: hub 1-1:1.0: USB hub found
fev 14 12:28:08 notWindows kernel: hub 1-1:1.0: 4 ports detected
fev 14 12:28:08 notWindows kernel: usb 2-1: New USB device found, idVendor=8087, idProduct=0024, bcdDevice= 0.00
fev 14 12:28:08 notWindows kernel: usb 2-1: New USB device strings: Mfr=0, Product=0, SerialNumber=0
fev 14 12:28:08 notWindows kernel: hub 2-1:1.0: USB hub found
fev 14 12:28:08 notWindows kernel: hub 2-1:1.0: 6 ports detected
fev 14 12:28:08 notWindows kernel: sd 0:0:0:0: [sda] 468862128 512-byte logical blocks: (240 GB/224 GiB)
fev 14 12:28:08 notWindows kernel: sd 0:0:0:0: [sda] 4096-byte physical blocks
fev 14 12:28:08 notWindows kernel: sd 1:0:0:0: [sdb] 1953525168 512-byte logical blocks: (1.00 TB/932 GiB)
fev 14 12:28:08 notWindows kernel: sd 1:0:0:0: [sdb] 4096-byte physical blocks
fev 14 12:28:08 notWindows kernel: sd 0:0:0:0: [sda] Write Protect is off
fev 14 12:28:08 notWindows kernel: sd 0:0:0:0: [sda] Mode Sense: 00 3a 00 00
fev 14 12:28:08 notWindows kernel: sd 1:0:0:0: [sdb] Write Protect is off
fev 14 12:28:08 notWindows kernel: sd 1:0:0:0: [sdb] Mode Sense: 00 3a 00 00
fev 14 12:28:08 notWindows kernel: sd 1:0:0:0: [sdb] Write cache: enabled, read cache: enabled, doesn't support DPO or FUA
fev 14 12:28:08 notWindows kernel: sd 0:0:0:0: [sda] Write cache: enabled, read cache: enabled, doesn't support DPO or FUA
fev 14 12:28:08 notWindows kernel:  sda: sda1 sda2 sda3 sda4 sda5 sda6
fev 14 12:28:08 notWindows kernel: sd 0:0:0:0: [sda] Attached SCSI disk
fev 14 12:28:08 notWindows kernel:  sdb: sdb1 sdb2 sdb3
fev 14 12:28:08 notWindows kernel: sd 1:0:0:0: [sdb] Attached SCSI disk
fev 14 12:28:08 notWindows kernel: sr 4:0:0:0: [sr0] scsi3-mmc drive: 48x/12x writer dvd-ram cd/rw xa/form2 cdda tray
fev 14 12:28:08 notWindows kernel: cdrom: Uniform CD-ROM driver Revision: 3.20
fev 14 12:28:08 notWindows kernel: random: fast init done
fev 14 12:28:08 notWindows kernel: sr 4:0:0:0: Attached scsi CD-ROM sr0
fev 14 12:28:08 notWindows kernel: usb 1-1.2: new full-speed USB device number 3 using ehci-pci
fev 14 12:28:08 notWindows kernel: usb 2-1.6: new full-speed USB device number 3 using ehci-pci
fev 14 12:28:08 notWindows kernel: usb 1-1.2: New USB device found, idVendor=04d9, idProduct=fc2a, bcdDevice= 1.20
fev 14 12:28:08 notWindows kernel: usb 1-1.2: New USB device strings: Mfr=0, Product=2, SerialNumber=0
fev 14 12:28:08 notWindows kernel: usb 1-1.2: Product: USB Gaming Mouse
fev 14 12:28:08 notWindows kernel: hid: raw HID events driver (C) Jiri Kosina
fev 14 12:28:08 notWindows kernel: usb 2-1.6: New USB device found, idVendor=04b4, idProduct=f02f, bcdDevice= 0.01
fev 14 12:28:08 notWindows kernel: usb 2-1.6: New USB device strings: Mfr=2, Product=0, SerialNumber=0
fev 14 12:28:08 notWindows kernel: usb 2-1.6: Manufacturer: Game Keyboard
fev 14 12:28:08 notWindows kernel: usbcore: registered new interface driver usbhid
fev 14 12:28:08 notWindows kernel: usbhid: USB HID core driver
fev 14 12:28:08 notWindows kernel: input: USB Gaming Mouse as /devices/pci0000:00/0000:00:1a.0/usb1/1-1/1-1.2/1-1.2:1.0/0003:04D9:FC2A.0001/input/input2
fev 14 12:28:08 notWindows kernel: hid-generic 0003:04D9:FC2A.0001: input,hidraw0: USB HID v1.10 Mouse [USB Gaming Mouse] on usb-0000:00:1a.0-1.2/input0
fev 14 12:28:08 notWindows kernel: input: USB Gaming Mouse as /devices/pci0000:00/0000:00:1a.0/usb1/1-1/1-1.2/1-1.2:1.1/0003:04D9:FC2A.0002/input/input3
fev 14 12:28:08 notWindows kernel: tsc: Refined TSC clocksource calibration: 3392.293 MHz
fev 14 12:28:08 notWindows kernel: clocksource: tsc: mask: 0xffffffffffffffff max_cycles: 0x30e5de2a436, max_idle_ns: 440795285127 ns
fev 14 12:28:08 notWindows kernel: clocksource: Switched to clocksource tsc
fev 14 12:28:08 notWindows kernel: hid-generic 0003:04D9:FC2A.0002: input,hidraw1: USB HID v1.10 Keyboard [USB Gaming Mouse] on usb-0000:00:1a.0-1.2/input1
fev 14 12:28:08 notWindows kernel: input: Game Keyboard as /devices/pci0000:00/0000:00:1d.0/usb2/2-1/2-1.6/2-1.6:1.0/0003:04B4:F02F.0003/input/input4
fev 14 12:28:08 notWindows kernel: hid-generic 0003:04B4:F02F.0003: input,hidraw2: USB HID v1.11 Keyboard [Game Keyboard] on usb-0000:00:1d.0-1.6/input0
fev 14 12:28:08 notWindows kernel: input: USB Gaming Mouse Consumer Control as /devices/pci0000:00/0000:00:1a.0/usb1/1-1/1-1.2/1-1.2:1.2/0003:04D9:FC2A.0004/input/input5
fev 14 12:28:08 notWindows kernel: input: USB Gaming Mouse as /devices/pci0000:00/0000:00:1a.0/usb1/1-1/1-1.2/1-1.2:1.2/0003:04D9:FC2A.0004/input/input6
fev 14 12:28:08 notWindows kernel: hid-generic 0003:04D9:FC2A.0004: input,hiddev0,hidraw3: USB HID v1.10 Device [USB Gaming Mouse] on usb-0000:00:1a.0-1.2/input2
fev 14 12:28:08 notWindows kernel: input: Game Keyboard Mouse as /devices/pci0000:00/0000:00:1d.0/usb2/2-1/2-1.6/2-1.6:1.1/0003:04B4:F02F.0005/input/input7
fev 14 12:28:08 notWindows kernel: input: Game Keyboard Consumer Control as /devices/pci0000:00/0000:00:1d.0/usb2/2-1/2-1.6/2-1.6:1.1/0003:04B4:F02F.0005/input/input8
fev 14 12:28:08 notWindows kernel: input: Game Keyboard System Control as /devices/pci0000:00/0000:00:1d.0/usb2/2-1/2-1.6/2-1.6:1.1/0003:04B4:F02F.0005/input/input9
fev 14 12:28:08 notWindows kernel: hid-generic 0003:04B4:F02F.0005: input,hidraw4: USB HID v1.11 Mouse [Game Keyboard] on usb-0000:00:1d.0-1.6/input1
fev 14 12:28:08 notWindows kernel: EXT4-fs (sda6): mounted filesystem with ordered data mode. Opts: (null)
fev 14 12:28:08 notWindows systemd[1]: systemd 244.3-1-arch running in system mode. (+PAM +AUDIT -SELINUX -IMA -APPARMOR +SMACK -SYSVINIT +UTMP +LIBCRYPTSETUP +GCRYPT +GNUTLS +ACL +XZ +LZ4 +SECCOMP +BLKID +ELFUTILS +KMOD +IDN2 -IDN +PCRE2 default-hierarchy=hybrid)
fev 14 12:28:08 notWindows systemd[1]: Detected architecture x86-64.
fev 14 12:28:08 notWindows systemd[1]: Set hostname to <notWindows>.
fev 14 12:28:08 notWindows systemd[1]: Couldn't move remaining userspace processes, ignoring: Input/output error
fev 14 12:28:08 notWindows systemd[1]: Created slice system-dhcpcd.slice.
fev 14 12:28:08 notWindows systemd[1]: Created slice system-getty.slice.
fev 14 12:28:08 notWindows systemd[1]: Created slice system-modprobe.slice.
fev 14 12:28:08 notWindows systemd[1]: Created slice system-systemd\x2dfsck.slice.
fev 14 12:28:08 notWindows systemd[1]: Created slice User and Session Slice.
fev 14 12:28:08 notWindows systemd[1]: Started Dispatch Password Requests to Console Directory Watch.
fev 14 12:28:08 notWindows systemd[1]: Started Forward Password Requests to Wall Directory Watch.
fev 14 12:28:08 notWindows systemd[1]: Set up automount Arbitrary Executable File Formats File System Automount Point.
fev 14 12:28:08 notWindows systemd[1]: Reached target Local Encrypted Volumes.
fev 14 12:28:08 notWindows systemd[1]: Reached target Login Prompts.
fev 14 12:28:08 notWindows systemd[1]: Reached target Paths.
fev 14 12:28:08 notWindows systemd[1]: Reached target Remote File Systems.
fev 14 12:28:08 notWindows systemd[1]: Reached target Slices.
fev 14 12:28:08 notWindows systemd[1]: Listening on Device-mapper event daemon FIFOs.
fev 14 12:28:08 notWindows systemd[1]: Listening on Process Core Dump Socket.
fev 14 12:28:08 notWindows systemd[1]: Listening on initctl Compatibility Named Pipe.
fev 14 12:28:08 notWindows systemd[1]: Listening on Journal Audit Socket.
fev 14 12:28:08 notWindows systemd[1]: Listening on Journal Socket (/dev/log).
fev 14 12:28:08 notWindows systemd[1]: Listening on Journal Socket.
fev 14 12:28:08 notWindows systemd[1]: Listening on udev Control Socket.
fev 14 12:28:08 notWindows systemd[1]: Listening on udev Kernel Socket.
fev 14 12:28:08 notWindows systemd[1]: Mounting Huge Pages File System...
fev 14 12:28:08 notWindows systemd[1]: Mounting POSIX Message Queue File System...
fev 14 12:28:08 notWindows systemd[1]: Mounting Kernel Debug File System...
fev 14 12:28:08 notWindows systemd[1]: Starting Create list of static device nodes for the current kernel...
fev 14 12:28:08 notWindows systemd[1]: Condition check resulted in Set Up Additional Binary Formats being skipped.
fev 14 12:28:08 notWindows systemd[1]: Condition check resulted in File System Check on Root Device being skipped.
fev 14 12:28:08 notWindows systemd[1]: Starting Journal Service...
fev 14 12:28:08 notWindows systemd[1]: Condition check resulted in Load Kernel Modules being skipped.
fev 14 12:28:08 notWindows systemd[1]: Condition check resulted in FUSE Control File System being skipped.
fev 14 12:28:08 notWindows systemd[1]: Mounting Kernel Configuration File System...
fev 14 12:28:08 notWindows systemd[1]: Starting Remount Root and Kernel File Systems...
fev 14 12:28:08 notWindows systemd[1]: Starting Apply Kernel Variables...
fev 14 12:28:08 notWindows systemd[1]: Starting udev Coldplug all Devices...
fev 14 12:28:08 notWindows systemd[1]: Mounted Huge Pages File System.
fev 14 12:28:08 notWindows systemd[1]: Mounted POSIX Message Queue File System.
fev 14 12:28:08 notWindows systemd[1]: Mounted Kernel Debug File System.
fev 14 12:28:08 notWindows systemd[1]: Started Create list of static device nodes for the current kernel.
fev 14 12:28:08 notWindows systemd[1]: Mounted Kernel Configuration File System.
fev 14 12:28:08 notWindows kernel: EXT4-fs (sda6): re-mounted. Opts: (null)
fev 14 12:28:08 notWindows systemd[1]: Started Remount Root and Kernel File Systems.
fev 14 12:28:08 notWindows systemd[1]: Condition check resulted in First Boot Wizard being skipped.
fev 14 12:28:08 notWindows systemd[1]: Condition check resulted in Rebuild Hardware Database being skipped.
fev 14 12:28:08 notWindows systemd[1]: Starting Load/Save Random Seed...
fev 14 12:28:08 notWindows systemd[1]: Condition check resulted in Create System Users being skipped.
fev 14 12:28:08 notWindows systemd[1]: Starting Create Static Device Nodes in /dev...
fev 14 12:28:08 notWindows systemd[1]: Started Apply Kernel Variables.
fev 14 12:28:08 notWindows systemd[1]: Started Create Static Device Nodes in /dev.
fev 14 12:28:08 notWindows systemd[1]: Reached target Local File Systems (Pre).
fev 14 12:28:08 notWindows systemd[1]: Condition check resulted in Virtual Machine and Container Storage (Compatibility) being skipped.
fev 14 12:28:08 notWindows systemd[1]: Starting udev Kernel Device Manager...
fev 14 12:28:08 notWindows systemd[1]: Started udev Coldplug all Devices.
fev 14 12:28:08 notWindows systemd-journald[314]: Journal started
fev 14 12:28:08 notWindows systemd-journald[314]: Runtime Journal (/run/log/journal/1ab220c4e222409d8609c9906be007d5) is 8.0M, max 798.7M, 790.7M free.
fev 14 12:28:08 notWindows systemd-random-seed[320]: Kernel entropy pool is not initialized yet, waiting until it is.
fev 14 12:28:08 notWindows audit[1]: SERVICE_START pid=1 uid=0 auid=4294967295 ses=4294967295 msg='unit=systemd-journald comm="systemd" exe="/usr/lib/systemd/systemd" hostname=? addr=? terminal=? res=success'
fev 14 12:28:08 notWindows systemd[1]: Starting Flush Journal to Persistent Storage...
fev 14 12:28:08 notWindows systemd[1]: Started Journal Service.
fev 14 12:28:08 notWindows kernel: audit: type=1130 audit(1581683288.354:2): pid=1 uid=0 auid=4294967295 ses=4294967295 msg='unit=systemd-journald comm="systemd" exe="/usr/lib/systemd/systemd" hostname=? addr=? terminal=? res=success'
fev 14 12:28:08 notWindows systemd-journald[314]: Time spent on flushing to /var is 284.089ms for 742 entries.
fev 14 12:28:08 notWindows systemd-journald[314]: System Journal (/var/log/journal/1ab220c4e222409d8609c9906be007d5) is 48.0M, max 4.0G, 3.9G free.
fev 14 12:28:08 notWindows kernel: audit: type=1130 audit(1581683288.420:3): pid=1 uid=0 auid=4294967295 ses=4294967295 msg='unit=systemd-udevd comm="systemd" exe="/usr/lib/systemd/systemd" hostname=? addr=? terminal=? res=success'
fev 14 12:28:08 notWindows kernel: EDAC ie31200: No ECC support
fev 14 12:28:08 notWindows kernel: ACPI Warning: SystemIO range 0x0000000000000428-0x000000000000042F conflicts with OpRegion 0x0000000000000400-0x000000000000047F (\PMIO) (20191018/utaddress-204)
fev 14 12:28:08 notWindows kernel: ACPI: If an ACPI driver is available for this device, you should use it instead of the native driver
fev 14 12:28:08 notWindows kernel: ACPI Warning: SystemIO range 0x0000000000000540-0x000000000000054F conflicts with OpRegion 0x0000000000000500-0x0000000000000563 (\GPIO) (20191018/utaddress-204)
fev 14 12:28:08 notWindows kernel: ACPI: If an ACPI driver is available for this device, you should use it instead of the native driver
fev 14 12:28:08 notWindows kernel: ACPI Warning: SystemIO range 0x0000000000000530-0x000000000000053F conflicts with OpRegion 0x0000000000000500-0x0000000000000563 (\GPIO) (20191018/utaddress-204)
fev 14 12:28:08 notWindows kernel: ACPI: If an ACPI driver is available for this device, you should use it instead of the native driver
fev 14 12:28:08 notWindows kernel: ACPI Warning: SystemIO range 0x0000000000000500-0x000000000000052F conflicts with OpRegion 0x0000000000000500-0x000000000000051F (\LED) (20191018/utaddress-204)
fev 14 12:28:08 notWindows kernel: ACPI Warning: SystemIO range 0x0000000000000500-0x000000000000052F conflicts with OpRegion 0x0000000000000500-0x0000000000000563 (\GPIO) (20191018/utaddress-204)
fev 14 12:28:08 notWindows kernel: ACPI: If an ACPI driver is available for this device, you should use it instead of the native driver
fev 14 12:28:08 notWindows kernel: lpc_ich: Resource conflict(s) found affecting gpio_ich
fev 14 12:28:08 notWindows kernel: i801_smbus 0000:00:1f.3: enabling device (0001 -> 0003)
fev 14 12:28:08 notWindows kernel: i801_smbus 0000:00:1f.3: SMBus using PCI interrupt
fev 14 12:28:08 notWindows kernel: input: PC Speaker as /devices/platform/pcspkr/input/input10
fev 14 12:28:08 notWindows kernel: RAPL PMU: API unit is 2^-32 Joules, 2 fixed counters, 163840 ms ovfl timer
fev 14 12:28:08 notWindows kernel: RAPL PMU: hw unit of domain pp0-core 2^-16 Joules
fev 14 12:28:08 notWindows kernel: RAPL PMU: hw unit of domain package 2^-16 Joules
fev 14 12:28:08 notWindows kernel: r8169 0000:03:00.0: can't disable ASPM; OS doesn't have ASPM control
fev 14 12:28:08 notWindows kernel: mousedev: PS/2 mouse device common for all mice
fev 14 12:28:08 notWindows kernel: Adding 8388604k swap on /dev/sdb2.  Priority:-2 extents:1 across:8388604k FS
fev 14 12:28:08 notWindows kernel: libphy: r8169: probed
fev 14 12:28:08 notWindows kernel: r8169 0000:03:00.0 eth0: RTL8168evl/8111evl, fc:aa:14:f4:fa:6a, XID 2c9, IRQ 30
fev 14 12:28:08 notWindows kernel: r8169 0000:03:00.0 eth0: jumbo features [frames: 9200 bytes, tx checksumming: ko]
fev 14 12:28:08 notWindows kernel: cryptd: max_cpu_qlen set to 1000
fev 14 12:28:08 notWindows kernel: IPMI message handler: version 39.2
fev 14 12:28:08 notWindows kernel: AVX version of gcm_enc/dec engaged.
fev 14 12:28:08 notWindows kernel: AES CTR mode by8 optimization enabled
fev 14 12:28:08 notWindows kernel: audit: type=1130 audit(1581683288.650:4): pid=1 uid=0 auid=4294967295 ses=4294967295 msg='unit=systemd-fsck@dev-disk-by\x2duuid-AAD5\x2dF1DA comm="systemd" exe="/usr/lib/systemd/systemd" hostname=? addr=? terminal=? res=success'
fev 14 12:28:08 notWindows kernel: ipmi device interface
fev 14 12:28:08 notWindows kernel: iTCO_vendor_support: vendor-support=0
fev 14 12:28:08 notWindows kernel: Linux agpgart interface v0.103
fev 14 12:28:08 notWindows kernel: iTCO_wdt: Intel TCO WatchDog Timer Driver v1.11
fev 14 12:28:08 notWindows kernel: iTCO_wdt: unable to reset NO_REBOOT flag, device disabled by hardware/BIOS
fev 14 12:28:08 notWindows audit[1]: SERVICE_START pid=1 uid=0 auid=4294967295 ses=4294967295 msg='unit=systemd-udevd comm="systemd" exe="/usr/lib/systemd/systemd" hostname=? addr=? terminal=? res=success'
fev 14 12:28:08 notWindows audit[1]: SERVICE_START pid=1 uid=0 auid=4294967295 ses=4294967295 msg='unit=systemd-fsck@dev-disk-by\x2duuid-AAD5\x2dF1DA comm="systemd" exe="/usr/lib/systemd/systemd" hostname=? addr=? terminal=? res=success'
fev 14 12:28:08 notWindows systemd[1]: Started udev Kernel Device Manager.
fev 14 12:28:08 notWindows systemd[1]: Found device KINGSTON_SUV400S37240G System\x20boot.
fev 14 12:28:08 notWindows systemd[1]: Found device WDC_WD10EZEX-00BN5A0 Archlinux\x20swap.
fev 14 12:28:08 notWindows systemd-fsck[380]: fsck.fat 4.1 (2017-01-24)
fev 14 12:28:08 notWindows systemd-fsck[380]: /dev/sda5: 430 files, 13866/261628 clusters
fev 14 12:28:08 notWindows systemd[1]: Found device WDC_WD10EZEX-00BN5A0 Archlinux\x20home\x20partition.
fev 14 12:28:08 notWindows systemd-fsck[373]: /dev/sdb3: limpo, 41949/18677760 ficheiros, 2229475/74703025 blocos
fev 14 12:28:08 notWindows systemd[1]: Activating swap /dev/disk/by-uuid/d58023b6-ae45-44d5-9d29-892ef23342bf...
fev 14 12:28:08 notWindows systemd[1]: Starting File System Check on /dev/disk/by-uuid/AAD5-F1DA...
fev 14 12:28:08 notWindows kernel: audit: type=1130 audit(1581683288.697:5): pid=1 uid=0 auid=4294967295 ses=4294967295 msg='unit=systemd-journal-flush comm="systemd" exe="/usr/lib/systemd/systemd" hostname=? addr=? terminal=? res=success'
fev 14 12:28:08 notWindows audit[1]: SERVICE_START pid=1 uid=0 auid=4294967295 ses=4294967295 msg='unit=systemd-journal-flush comm="systemd" exe="/usr/lib/systemd/systemd" hostname=? addr=? terminal=? res=success'
fev 14 12:28:08 notWindows systemd[1]: Starting File System Check on /dev/disk/by-uuid/c8a56863-6151-4242-8e62-efbed5289fe3...
fev 14 12:28:08 notWindows systemd-udevd[344]: ethtool: autonegotiation is unset or enabled, the speed and duplex are not writable.
fev 14 12:28:08 notWindows systemd[1]: Activated swap /dev/disk/by-uuid/d58023b6-ae45-44d5-9d29-892ef23342bf.
fev 14 12:28:08 notWindows systemd[1]: Reached target Swap.
fev 14 12:28:08 notWindows systemd[1]: Mounting Temporary Directory (/tmp)...
fev 14 12:28:08 notWindows systemd[1]: Mounted Temporary Directory (/tmp).
fev 14 12:28:08 notWindows systemd[1]: Started File System Check on /dev/disk/by-uuid/AAD5-F1DA.
fev 14 12:28:08 notWindows systemd[1]: Mounting /boot...
fev 14 12:28:08 notWindows systemd[1]: Started Flush Journal to Persistent Storage.
fev 14 12:28:08 notWindows systemd[1]: Mounted /boot.
fev 14 12:28:08 notWindows systemd-udevd[345]: Using default interface naming scheme 'v243'.
fev 14 12:28:08 notWindows systemd-udevd[345]: ethtool: autonegotiation is unset or enabled, the speed and duplex are not writable.
fev 14 12:28:08 notWindows kernel: r8169 0000:03:00.0 enp3s0: renamed from eth0
fev 14 12:28:08 notWindows audit[1]: SERVICE_START pid=1 uid=0 auid=4294967295 ses=4294967295 msg='unit=systemd-fsck@dev-disk-by\x2duuid-c8a56863\x2d6151\x2d4242\x2d8e62\x2defbed5289fe3 comm="systemd" exe="/usr/lib/systemd/systemd" hostname=? addr=? terminal=? res=success'
fev 14 12:28:08 notWindows kernel: audit: type=1130 audit(1581683288.717:6): pid=1 uid=0 auid=4294967295 ses=4294967295 msg='unit=systemd-fsck@dev-disk-by\x2duuid-c8a56863\x2d6151\x2d4242\x2d8e62\x2defbed5289fe3 comm="systemd" exe="/usr/lib/systemd/systemd" hostname=? addr=? terminal=? res=success'
fev 14 12:28:08 notWindows systemd[1]: Started File System Check on /dev/disk/by-uuid/c8a56863-6151-4242-8e62-efbed5289fe3.
fev 14 12:28:08 notWindows systemd[1]: Mounting /home...
fev 14 12:28:08 notWindows systemd-udevd[344]: Using default interface naming scheme 'v243'.
fev 14 12:28:08 notWindows systemd[1]: Found device RTL8111/8168/8411 PCI Express Gigabit Ethernet Controller (Onboard Ethernet).
fev 14 12:28:08 notWindows systemd[1]: Mounted /home.
fev 14 12:28:08 notWindows kernel: EXT4-fs (sdb3): mounted filesystem with ordered data mode. Opts: (null)
fev 14 12:28:08 notWindows systemd[1]: Reached target Local File Systems.
fev 14 12:28:08 notWindows systemd[1]: Condition check resulted in Rebuild Dynamic Linker Cache being skipped.
fev 14 12:28:08 notWindows systemd[1]: Condition check resulted in Commit a transient machine-id on disk being skipped.
fev 14 12:28:08 notWindows systemd[1]: Starting Create Volatile Files and Directories...
fev 14 12:28:08 notWindows systemd[1]: Started Create Volatile Files and Directories.
fev 14 12:28:08 notWindows audit[1]: SERVICE_START pid=1 uid=0 auid=4294967295 ses=4294967295 msg='unit=systemd-tmpfiles-setup comm="systemd" exe="/usr/lib/systemd/systemd" hostname=? addr=? terminal=? res=success'
fev 14 12:28:08 notWindows systemd[1]: Condition check resulted in Rebuild Journal Catalog being skipped.
fev 14 12:28:08 notWindows systemd[1]: Condition check resulted in Update is Completed being skipped.
fev 14 12:28:08 notWindows systemd[1]: Starting Update UTMP about System Boot/Shutdown...
fev 14 12:28:08 notWindows kernel: audit: type=1130 audit(1581683288.794:7): pid=1 uid=0 auid=4294967295 ses=4294967295 msg='unit=systemd-tmpfiles-setup comm="systemd" exe="/usr/lib/systemd/systemd" hostname=? addr=? terminal=? res=success'
fev 14 12:28:08 notWindows audit[444]: SYSTEM_BOOT pid=444 uid=0 auid=4294967295 ses=4294967295 msg=' comm="systemd-update-utmp" exe="/usr/lib/systemd/systemd-update-utmp" hostname=? addr=? terminal=? res=success'
fev 14 12:28:08 notWindows kernel: snd_hda_intel 0000:00:1b.0: enabling device (0000 -> 0002)
fev 14 12:28:08 notWindows kernel: snd_hda_intel 0000:01:00.1: enabling device (0000 -> 0002)
fev 14 12:28:08 notWindows kernel: audit: type=1127 audit(1581683288.800:8): pid=444 uid=0 auid=4294967295 ses=4294967295 msg=' comm="systemd-update-utmp" exe="/usr/lib/systemd/systemd-update-utmp" hostname=? addr=? terminal=? res=success'
fev 14 12:28:08 notWindows kernel: snd_hda_intel 0000:01:00.1: Disabling MSI
fev 14 12:28:08 notWindows kernel: snd_hda_intel 0000:01:00.1: Handle vga_switcheroo audio client
fev 14 12:28:08 notWindows kernel: audit: type=1130 audit(1581683288.804:9): pid=1 uid=0 auid=4294967295 ses=4294967295 msg='unit=systemd-update-utmp comm="systemd" exe="/usr/lib/systemd/systemd" hostname=? addr=? terminal=? res=success'
fev 14 12:28:08 notWindows audit[1]: SERVICE_START pid=1 uid=0 auid=4294967295 ses=4294967295 msg='unit=systemd-update-utmp comm="systemd" exe="/usr/lib/systemd/systemd" hostname=? addr=? terminal=? res=success'
fev 14 12:28:08 notWindows systemd[1]: Started Update UTMP about System Boot/Shutdown.
fev 14 12:28:08 notWindows systemd[1]: Reached target System Initialization.
fev 14 12:28:08 notWindows systemd[1]: Started Daily verification of password and group files.
fev 14 12:28:08 notWindows systemd[1]: Started Daily Cleanup of Temporary Directories.
fev 14 12:28:08 notWindows systemd[1]: Reached target Timers.
fev 14 12:28:08 notWindows systemd[1]: Listening on D-Bus System Message Bus Socket.
fev 14 12:28:08 notWindows systemd[1]: Reached target Sockets.
fev 14 12:28:08 notWindows systemd[1]: Reached target Basic System.
fev 14 12:28:08 notWindows systemd[1]: Started D-Bus System Message Bus.
fev 14 12:28:08 notWindows systemd[1]: Starting dhcpcd on enp3s0...
fev 14 12:28:08 notWindows systemd[1]: Starting Load kernel module drm...
fev 14 12:28:08 notWindows systemd[1]: Started Switch on numlock from tty1 to tty6.
fev 14 12:28:08 notWindows audit[1]: SERVICE_START pid=1 uid=0 auid=4294967295 ses=4294967295 msg='unit=dbus comm="systemd" exe="/usr/lib/systemd/systemd" hostname=? addr=? terminal=? res=success'
fev 14 12:28:08 notWindows audit[1]: SERVICE_START pid=1 uid=0 auid=4294967295 ses=4294967295 msg='unit=numlockon comm="systemd" exe="/usr/lib/systemd/systemd" hostname=? addr=? terminal=? res=success'
fev 14 12:28:08 notWindows kernel: audit: type=1130 audit(1581683288.807:10): pid=1 uid=0 auid=4294967295 ses=4294967295 msg='unit=dbus comm="systemd" exe="/usr/lib/systemd/systemd" hostname=? addr=? terminal=? res=success'
fev 14 12:28:08 notWindows systemd[1]: Condition check resulted in SSH Key Generation being skipped.
fev 14 12:28:08 notWindows kernel: random: dbus-daemon: uninitialized urandom read (12 bytes read)
fev 14 12:28:08 notWindows kernel: random: dbus-daemon: uninitialized urandom read (12 bytes read)
fev 14 12:28:08 notWindows systemd[1]: modprobe@drm.service: Succeeded.
fev 14 12:28:08 notWindows audit[1]: SERVICE_START pid=1 uid=0 auid=4294967295 ses=4294967295 msg='unit=modprobe@drm comm="systemd" exe="/usr/lib/systemd/systemd" hostname=? addr=? terminal=? res=success'
fev 14 12:28:08 notWindows audit[1]: SERVICE_STOP pid=1 uid=0 auid=4294967295 ses=4294967295 msg='unit=modprobe@drm comm="systemd" exe="/usr/lib/systemd/systemd" hostname=? addr=? terminal=? res=success'
fev 14 12:28:08 notWindows systemd[1]: Started Load kernel module drm.
fev 14 12:28:08 notWindows systemd[1]: numlockon.service: Succeeded.
fev 14 12:28:08 notWindows audit[1]: SERVICE_STOP pid=1 uid=0 auid=4294967295 ses=4294967295 msg='unit=numlockon comm="systemd" exe="/usr/lib/systemd/systemd" hostname=? addr=? terminal=? res=success'
fev 14 12:28:08 notWindows systemd[1]: Starting Login Service...
fev 14 12:28:08 notWindows kernel: snd_hda_codec_realtek hdaudioC1D2: autoconfig for ALC887-VD: line_outs=1 (0x14/0x0/0x0/0x0/0x0) type:line
fev 14 12:28:08 notWindows kernel: snd_hda_codec_realtek hdaudioC1D2:    speaker_outs=0 (0x0/0x0/0x0/0x0/0x0)
fev 14 12:28:08 notWindows kernel: snd_hda_codec_realtek hdaudioC1D2:    hp_outs=1 (0x1b/0x0/0x0/0x0/0x0)
fev 14 12:28:08 notWindows kernel: snd_hda_codec_realtek hdaudioC1D2:    mono: mono_out=0x0
fev 14 12:28:08 notWindows kernel: snd_hda_codec_realtek hdaudioC1D2:    inputs:
fev 14 12:28:08 notWindows kernel: snd_hda_codec_realtek hdaudioC1D2:      Rear Mic=0x18
fev 14 12:28:08 notWindows kernel: snd_hda_codec_realtek hdaudioC1D2:      Front Mic=0x19
fev 14 12:28:08 notWindows kernel: snd_hda_codec_realtek hdaudioC1D2:      Line=0x1a
fev 14 12:28:08 notWindows kernel: snd_hda_codec_realtek hdaudioC1D2:      CD=0x1c
fev 14 12:28:08 notWindows kernel: 8021q: 802.1Q VLAN Support v1.8
fev 14 12:28:08 notWindows kernel: input: HDA Digital PCBeep as /devices/pci0000:00/0000:00:1b.0/sound/card1/input11
fev 14 12:28:08 notWindows kernel: input: HDA Intel PCH Rear Mic as /devices/pci0000:00/0000:00:1b.0/sound/card1/input12
fev 14 12:28:08 notWindows kernel: input: HDA Intel PCH Front Mic as /devices/pci0000:00/0000:00:1b.0/sound/card1/input13
fev 14 12:28:08 notWindows kernel: input: HDA Intel PCH Line as /devices/pci0000:00/0000:00:1b.0/sound/card1/input14
fev 14 12:28:08 notWindows kernel: input: HDA Intel PCH Line Out as /devices/pci0000:00/0000:00:1b.0/sound/card1/input15
fev 14 12:28:08 notWindows systemd[1]: Condition check resulted in Save/Restore Sound Card State being skipped.
fev 14 12:28:08 notWindows systemd[1]: Condition check resulted in Manage Sound Card State (restore and store) being skipped.
fev 14 12:28:08 notWindows systemd[1]: Reached target Sound Card.
fev 14 12:28:08 notWindows systemd[1]: Listening on Load/Save RF Kill Switch Status /dev/rfkill Watch.
fev 14 12:28:09 notWindows systemd-udevd[356]: controlC1: Process '/usr/bin/alsactl restore 1' failed with exit code 99.
fev 14 12:28:09 notWindows systemd-logind[457]: Watching system buttons on /dev/input/event1 (Power Button)
fev 14 12:28:09 notWindows systemd-logind[457]: Watching system buttons on /dev/input/event0 (Power Button)
fev 14 12:28:09 notWindows systemd-logind[457]: Watching system buttons on /dev/input/event3 (USB Gaming Mouse)
fev 14 12:28:09 notWindows audit[1]: SERVICE_START pid=1 uid=0 auid=4294967295 ses=4294967295 msg='unit=systemd-logind comm="systemd" exe="/usr/lib/systemd/systemd" hostname=? addr=? terminal=? res=success'
fev 14 12:28:09 notWindows systemd-logind[457]: Watching system buttons on /dev/input/event5 (USB Gaming Mouse Consumer Control)
fev 14 12:28:09 notWindows systemd-logind[457]: Watching system buttons on /dev/input/event4 (Game Keyboard)
fev 14 12:28:09 notWindows systemd-logind[457]: Watching system buttons on /dev/input/event8 (Game Keyboard Consumer Control)
fev 14 12:28:09 notWindows systemd-logind[457]: Watching system buttons on /dev/input/event9 (Game Keyboard System Control)
fev 14 12:28:09 notWindows systemd-logind[457]: New seat seat0.
fev 14 12:28:09 notWindows systemd[1]: Started Login Service.
fev 14 12:28:09 notWindows kernel: cfg80211: Loading compiled-in X.509 certificates for regulatory database
fev 14 12:28:09 notWindows kernel: cfg80211: Loaded X.509 cert 'sforshee: 00b28ddf47aef9cea7'
fev 14 12:28:09 notWindows kernel: platform regulatory.0: Direct firmware load for regulatory.db failed with error -2
fev 14 12:28:09 notWindows kernel: cfg80211: failed to load regulatory.db
fev 14 12:28:09 notWindows kernel: nvidia: loading out-of-tree module taints kernel.
fev 14 12:28:09 notWindows kernel: nvidia: module license 'NVIDIA' taints kernel.
fev 14 12:28:09 notWindows kernel: Disabling lock debugging due to kernel taint
fev 14 12:28:09 notWindows kernel: r8169 0000:03:00.0: Direct firmware load for rtl_nic/rtl8168e-3.fw failed with error -2
fev 14 12:28:09 notWindows kernel: r8169 0000:03:00.0: Unable to load firmware rtl_nic/rtl8168e-3.fw (-2)
fev 14 12:28:09 notWindows kernel: RTL8211E Gigabit Ethernet r8169-300:00: attached PHY driver [RTL8211E Gigabit Ethernet] (mii_bus:phy_addr=r8169-300:00, irq=IGNORE)
fev 14 12:28:09 notWindows kernel: nvidia: module verification failed: signature and/or required key missing - tainting kernel
fev 14 12:28:09 notWindows kernel: intel_rapl_common: Found RAPL domain package
fev 14 12:28:09 notWindows kernel: intel_rapl_common: Found RAPL domain core
fev 14 12:28:09 notWindows kernel: nvidia-nvlink: Nvlink Core is being initialized, major device number 239
fev 14 12:28:09 notWindows kernel: nvidia 0000:01:00.0: vgaarb: changed VGA decodes: olddecodes=io+mem,decodes=none:owns=io+mem
fev 14 12:28:09 notWindows dhcpcd[447]: enp3s0: waiting for carrier
fev 14 12:28:09 notWindows kernel: r8169 0000:03:00.0 enp3s0: Link is Down
fev 14 12:28:09 notWindows dhcpcd[447]: enp3s0: carrier acquired
fev 14 12:28:09 notWindows dhcpcd[447]: DUID 00:04:03:aa:02:fc:04:14:05:f4:fa:06:6a:07:00:08:00:09
fev 14 12:28:09 notWindows dhcpcd[447]: enp3s0: IAID 14:f4:fa:6a
fev 14 12:28:09 notWindows dhcpcd[447]: enp3s0: adding address fe80::8804:d567:db6:2455
fev 14 12:28:09 notWindows dhcpcd[447]: enp3s0: carrier lost
fev 14 12:28:09 notWindows kernel: random: dhcpcd: uninitialized urandom read (112 bytes read)
fev 14 12:28:09 notWindows dhcpcd[447]: enp3s0: deleting address fe80::8804:d567:db6:2455
fev 14 12:28:09 notWindows kernel: NVRM: loading NVIDIA UNIX x86_64 Kernel Module  440.59  Thu Jan 30 01:00:41 UTC 2020
fev 14 12:28:09 notWindows kernel: nvidia-modeset: Loading NVIDIA Kernel Mode Setting Driver for UNIX platforms  440.59  Thu Jan 30 00:59:18 UTC 2020
fev 14 12:28:09 notWindows kernel: [drm] [nvidia-drm] [GPU ID 0x00000100] Loading driver
fev 14 12:28:09 notWindows kernel: [drm] Initialized nvidia-drm 0.0.0 20160202 for 0000:01:00.0 on minor 0
fev 14 12:28:09 notWindows kernel: random: crng init done
fev 14 12:28:09 notWindows systemd[1]: Started Load/Save Random Seed.
fev 14 12:28:09 notWindows audit[1]: SERVICE_START pid=1 uid=0 auid=4294967295 ses=4294967295 msg='unit=systemd-random-seed comm="systemd" exe="/usr/lib/systemd/systemd" hostname=? addr=? terminal=? res=success'
fev 14 12:28:09 notWindows systemd[1]: Condition check resulted in Store a System Token in an EFI Variable being skipped.
fev 14 12:28:11 notWindows kernel: input: HDA NVidia HDMI/DP,pcm=3 as /devices/pci0000:00/0000:00:01.0/0000:01:00.1/sound/card0/input16
fev 14 12:28:11 notWindows kernel: input: HDA NVidia HDMI/DP,pcm=7 as /devices/pci0000:00/0000:00:01.0/0000:01:00.1/sound/card0/input17
fev 14 12:28:11 notWindows kernel: input: HDA NVidia HDMI/DP,pcm=8 as /devices/pci0000:00/0000:00:01.0/0000:01:00.1/sound/card0/input18
fev 14 12:28:11 notWindows kernel: input: HDA NVidia HDMI/DP,pcm=9 as /devices/pci0000:00/0000:00:01.0/0000:01:00.1/sound/card0/input19
fev 14 12:28:11 notWindows kernel: input: HDA NVidia HDMI/DP,pcm=10 as /devices/pci0000:00/0000:00:01.0/0000:01:00.1/sound/card0/input20
fev 14 12:28:11 notWindows kernel: input: HDA NVidia HDMI/DP,pcm=11 as /devices/pci0000:00/0000:00:01.0/0000:01:00.1/sound/card0/input21
fev 14 12:28:11 notWindows kernel: input: HDA NVidia HDMI/DP,pcm=12 as /devices/pci0000:00/0000:00:01.0/0000:01:00.1/sound/card0/input22
fev 14 12:28:11 notWindows systemd-udevd[353]: controlC0: Process '/usr/bin/alsactl restore 0' failed with exit code 99.
fev 14 12:28:12 notWindows dhcpcd[447]: enp3s0: carrier acquired
fev 14 12:28:12 notWindows kernel: r8169 0000:03:00.0 enp3s0: Link is Up - 1Gbps/Full - flow control rx/tx
fev 14 12:28:12 notWindows kernel: IPv6: ADDRCONF(NETDEV_CHANGE): enp3s0: link becomes ready
fev 14 12:28:12 notWindows dhcpcd[447]: enp3s0: IAID 14:f4:fa:6a
fev 14 12:28:12 notWindows dhcpcd[447]: enp3s0: adding address fe80::8804:d567:db6:2455
fev 14 12:28:12 notWindows dhcpcd[447]: enp3s0: soliciting an IPv6 router
fev 14 12:28:12 notWindows dhcpcd[447]: enp3s0: soliciting a DHCP lease
fev 14 12:28:12 notWindows dhcpcd[447]: enp3s0: offered 192.168.0.3 from 192.168.0.1
fev 14 12:28:12 notWindows dhcpcd[447]: enp3s0: probing address 192.168.0.3/24
fev 14 12:28:15 notWindows dhcpcd[447]: enp3s0: Router Advertisement from fe80::9a1e:19ff:feb8:a11a
fev 14 12:28:15 notWindows dhcpcd[447]: enp3s0: no global addresses for default route
fev 14 12:28:15 notWindows dhcpcd[447]: enp3s0: adding route to 2804:14d:4081:8f19::/64
fev 14 12:28:15 notWindows dhcpcd[447]: enp3s0: confirming prior DHCPv6 lease
fev 14 12:28:18 notWindows dhcpcd[447]: enp3s0: leased 192.168.0.3 for 3600 seconds
fev 14 12:28:18 notWindows dhcpcd[447]: enp3s0: adding route to 192.168.0.0/24
fev 14 12:28:18 notWindows dhcpcd[447]: enp3s0: adding default route via 192.168.0.1
fev 14 12:28:18 notWindows dhcpcd[447]: forked to background, child pid 534
fev 14 12:28:18 notWindows systemd[1]: Started dhcpcd on enp3s0.
fev 14 12:28:18 notWindows audit[1]: SERVICE_START pid=1 uid=0 auid=4294967295 ses=4294967295 msg='unit=dhcpcd@enp3s0 comm="systemd" exe="/usr/lib/systemd/systemd" hostname=? addr=? terminal=? res=success'
fev 14 12:28:18 notWindows systemd[1]: Reached target Network.
fev 14 12:28:18 notWindows systemd[1]: Started OpenSSH Daemon.
fev 14 12:28:18 notWindows kernel: kauditd_printk_skb: 6 callbacks suppressed
fev 14 12:28:18 notWindows kernel: audit: type=1130 audit(1581683298.604:17): pid=1 uid=0 auid=4294967295 ses=4294967295 msg='unit=dhcpcd@enp3s0 comm="systemd" exe="/usr/lib/systemd/systemd" hostname=? addr=? terminal=? res=success'
fev 14 12:28:18 notWindows kernel: audit: type=1130 audit(1581683298.607:18): pid=1 uid=0 auid=4294967295 ses=4294967295 msg='unit=sshd comm="systemd" exe="/usr/lib/systemd/systemd" hostname=? addr=? terminal=? res=success'
fev 14 12:28:18 notWindows audit[1]: SERVICE_START pid=1 uid=0 auid=4294967295 ses=4294967295 msg='unit=sshd comm="systemd" exe="/usr/lib/systemd/systemd" hostname=? addr=? terminal=? res=success'
fev 14 12:28:18 notWindows systemd[1]: Starting Permit User Sessions...
fev 14 12:28:18 notWindows systemd[1]: Started Permit User Sessions.
fev 14 12:28:18 notWindows audit[1]: SERVICE_START pid=1 uid=0 auid=4294967295 ses=4294967295 msg='unit=systemd-user-sessions comm="systemd" exe="/usr/lib/systemd/systemd" hostname=? addr=? terminal=? res=success'
fev 14 12:28:18 notWindows systemd[1]: Reached target Multi-User System.
fev 14 12:28:18 notWindows kernel: audit: type=1130 audit(1581683298.617:19): pid=1 uid=0 auid=4294967295 ses=4294967295 msg='unit=systemd-user-sessions comm="systemd" exe="/usr/lib/systemd/systemd" hostname=? addr=? terminal=? res=success'
fev 14 12:28:18 notWindows systemd[1]: Starting Light Display Manager...
fev 14 12:28:18 notWindows sshd[535]: Server listening on 0.0.0.0 port 22.
fev 14 12:28:18 notWindows sshd[535]: Server listening on :: port 22.
fev 14 12:28:18 notWindows systemd[1]: Started Light Display Manager.
fev 14 12:28:18 notWindows audit[1]: SERVICE_START pid=1 uid=0 auid=4294967295 ses=4294967295 msg='unit=lightdm comm="systemd" exe="/usr/lib/systemd/systemd" hostname=? addr=? terminal=? res=success'
fev 14 12:28:18 notWindows kernel: audit: type=1130 audit(1581683298.657:20): pid=1 uid=0 auid=4294967295 ses=4294967295 msg='unit=lightdm comm="systemd" exe="/usr/lib/systemd/systemd" hostname=? addr=? terminal=? res=success'
fev 14 12:28:18 notWindows systemd[1]: Reached target Graphical Interface.
fev 14 12:28:18 notWindows lightdm[537]: Error getting user list from org.freedesktop.Accounts: GDBus.Error:org.freedesktop.DBus.Error.ServiceUnknown: The name org.freedesktop.Accounts was not provided by any .service files
fev 14 12:28:18 notWindows systemd[1]: Startup finished in 2.207s (kernel) + 10.747s (userspace) = 12.954s.
fev 14 12:28:18 notWindows systemd[1]: lightdm.service: Main process exited, code=exited, status=1/FAILURE
fev 14 12:28:18 notWindows audit[1]: SERVICE_STOP pid=1 uid=0 auid=4294967295 ses=4294967295 msg='unit=lightdm comm="systemd" exe="/usr/lib/systemd/systemd" hostname=? addr=? terminal=? res=failed'
fev 14 12:28:18 notWindows systemd[1]: lightdm.service: Failed with result 'exit-code'.
fev 14 12:28:18 notWindows kernel: audit: type=1131 audit(1581683298.714:21): pid=1 uid=0 auid=4294967295 ses=4294967295 msg='unit=lightdm comm="systemd" exe="/usr/lib/systemd/systemd" hostname=? addr=? terminal=? res=failed'
fev 14 12:28:19 notWindows systemd[1]: lightdm.service: Scheduled restart job, restart counter is at 1.
fev 14 12:28:19 notWindows systemd[1]: Stopped Light Display Manager.
fev 14 12:28:19 notWindows audit[1]: SERVICE_START pid=1 uid=0 auid=4294967295 ses=4294967295 msg='unit=lightdm comm="systemd" exe="/usr/lib/systemd/systemd" hostname=? addr=? terminal=? res=success'
fev 14 12:28:19 notWindows audit[1]: SERVICE_STOP pid=1 uid=0 auid=4294967295 ses=4294967295 msg='unit=lightdm comm="systemd" exe="/usr/lib/systemd/systemd" hostname=? addr=? terminal=? res=success'
fev 14 12:28:19 notWindows kernel: audit: type=1130 audit(1581683299.067:22): pid=1 uid=0 auid=4294967295 ses=4294967295 msg='unit=lightdm comm="systemd" exe="/usr/lib/systemd/systemd" hostname=? addr=? terminal=? res=success'
fev 14 12:28:19 notWindows kernel: audit: type=1131 audit(1581683299.067:23): pid=1 uid=0 auid=4294967295 ses=4294967295 msg='unit=lightdm comm="systemd" exe="/usr/lib/systemd/systemd" hostname=? addr=? terminal=? res=success'
fev 14 12:28:19 notWindows systemd[1]: Starting Light Display Manager...
fev 14 12:28:19 notWindows systemd[1]: Started Light Display Manager.
fev 14 12:28:19 notWindows audit[1]: SERVICE_START pid=1 uid=0 auid=4294967295 ses=4294967295 msg='unit=lightdm comm="systemd" exe="/usr/lib/systemd/systemd" hostname=? addr=? terminal=? res=success'
fev 14 12:28:19 notWindows lightdm[543]: Error getting user list from org.freedesktop.Accounts: GDBus.Error:org.freedesktop.DBus.Error.ServiceUnknown: The name org.freedesktop.Accounts was not provided by any .service files
fev 14 12:28:19 notWindows kernel: audit: type=1130 audit(1581683299.084:24): pid=1 uid=0 auid=4294967295 ses=4294967295 msg='unit=lightdm comm="systemd" exe="/usr/lib/systemd/systemd" hostname=? addr=? terminal=? res=success'
fev 14 12:28:19 notWindows systemd[1]: lightdm.service: Main process exited, code=exited, status=1/FAILURE
fev 14 12:28:19 notWindows systemd[1]: lightdm.service: Failed with result 'exit-code'.
fev 14 12:28:19 notWindows audit[1]: SERVICE_STOP pid=1 uid=0 auid=4294967295 ses=4294967295 msg='unit=lightdm comm="systemd" exe="/usr/lib/systemd/systemd" hostname=? addr=? terminal=? res=failed'
fev 14 12:28:19 notWindows kernel: audit: type=1131 audit(1581683299.097:25): pid=1 uid=0 auid=4294967295 ses=4294967295 msg='unit=lightdm comm="systemd" exe="/usr/lib/systemd/systemd" hostname=? addr=? terminal=? res=failed'
fev 14 12:28:19 notWindows systemd[1]: lightdm.service: Scheduled restart job, restart counter is at 2.
fev 14 12:28:19 notWindows systemd[1]: Stopped Light Display Manager.
fev 14 12:28:19 notWindows audit[1]: SERVICE_START pid=1 uid=0 auid=4294967295 ses=4294967295 msg='unit=lightdm comm="systemd" exe="/usr/lib/systemd/systemd" hostname=? addr=? terminal=? res=success'
fev 14 12:28:19 notWindows audit[1]: SERVICE_STOP pid=1 uid=0 auid=4294967295 ses=4294967295 msg='unit=lightdm comm="systemd" exe="/usr/lib/systemd/systemd" hostname=? addr=? terminal=? res=success'
fev 14 12:28:19 notWindows systemd[1]: Starting Light Display Manager...
fev 14 12:28:19 notWindows kernel: audit: type=1130 audit(1581683299.447:26): pid=1 uid=0 auid=4294967295 ses=4294967295 msg='unit=lightdm comm="systemd" exe="/usr/lib/systemd/systemd" hostname=? addr=? terminal=? res=success'
fev 14 12:28:19 notWindows systemd[1]: Started Light Display Manager.
fev 14 12:28:19 notWindows audit[1]: SERVICE_START pid=1 uid=0 auid=4294967295 ses=4294967295 msg='unit=lightdm comm="systemd" exe="/usr/lib/systemd/systemd" hostname=? addr=? terminal=? res=success'
fev 14 12:28:19 notWindows lightdm[550]: Error getting user list from org.freedesktop.Accounts: GDBus.Error:org.freedesktop.DBus.Error.ServiceUnknown: The name org.freedesktop.Accounts was not provided by any .service files
fev 14 12:28:19 notWindows systemd[1]: lightdm.service: Main process exited, code=exited, status=1/FAILURE
fev 14 12:28:19 notWindows systemd[1]: lightdm.service: Failed with result 'exit-code'.
fev 14 12:28:19 notWindows audit[1]: SERVICE_STOP pid=1 uid=0 auid=4294967295 ses=4294967295 msg='unit=lightdm comm="systemd" exe="/usr/lib/systemd/systemd" hostname=? addr=? terminal=? res=failed'
fev 14 12:28:19 notWindows systemd[1]: lightdm.service: Scheduled restart job, restart counter is at 3.
fev 14 12:28:19 notWindows audit[1]: SERVICE_START pid=1 uid=0 auid=4294967295 ses=4294967295 msg='unit=lightdm comm="systemd" exe="/usr/lib/systemd/systemd" hostname=? addr=? terminal=? res=success'
fev 14 12:28:19 notWindows audit[1]: SERVICE_STOP pid=1 uid=0 auid=4294967295 ses=4294967295 msg='unit=lightdm comm="systemd" exe="/usr/lib/systemd/systemd" hostname=? addr=? terminal=? res=success'
fev 14 12:28:19 notWindows systemd[1]: Stopped Light Display Manager.
fev 14 12:28:19 notWindows systemd[1]: Starting Light Display Manager...
fev 14 12:28:19 notWindows systemd[1]: Started Light Display Manager.
fev 14 12:28:19 notWindows audit[1]: SERVICE_START pid=1 uid=0 auid=4294967295 ses=4294967295 msg='unit=lightdm comm="systemd" exe="/usr/lib/systemd/systemd" hostname=? addr=? terminal=? res=success'
fev 14 12:28:19 notWindows lightdm[557]: Error getting user list from org.freedesktop.Accounts: GDBus.Error:org.freedesktop.DBus.Error.ServiceUnknown: The name org.freedesktop.Accounts was not provided by any .service files
fev 14 12:28:19 notWindows systemd[1]: lightdm.service: Main process exited, code=exited, status=1/FAILURE
fev 14 12:28:19 notWindows systemd[1]: lightdm.service: Failed with result 'exit-code'.
fev 14 12:28:19 notWindows audit[1]: SERVICE_STOP pid=1 uid=0 auid=4294967295 ses=4294967295 msg='unit=lightdm comm="systemd" exe="/usr/lib/systemd/systemd" hostname=? addr=? terminal=? res=failed'
fev 14 12:28:20 notWindows systemd[1]: lightdm.service: Scheduled restart job, restart counter is at 4.
fev 14 12:28:20 notWindows systemd[1]: Stopped Light Display Manager.
fev 14 12:28:20 notWindows audit[1]: SERVICE_START pid=1 uid=0 auid=4294967295 ses=4294967295 msg='unit=lightdm comm="systemd" exe="/usr/lib/systemd/systemd" hostname=? addr=? terminal=? res=success'
fev 14 12:28:20 notWindows audit[1]: SERVICE_STOP pid=1 uid=0 auid=4294967295 ses=4294967295 msg='unit=lightdm comm="systemd" exe="/usr/lib/systemd/systemd" hostname=? addr=? terminal=? res=success'
fev 14 12:28:20 notWindows systemd[1]: Starting Light Display Manager...
fev 14 12:28:20 notWindows systemd[1]: Started Light Display Manager.
fev 14 12:28:20 notWindows audit[1]: SERVICE_START pid=1 uid=0 auid=4294967295 ses=4294967295 msg='unit=lightdm comm="systemd" exe="/usr/lib/systemd/systemd" hostname=? addr=? terminal=? res=success'
fev 14 12:28:20 notWindows lightdm[565]: Error getting user list from org.freedesktop.Accounts: GDBus.Error:org.freedesktop.DBus.Error.ServiceUnknown: The name org.freedesktop.Accounts was not provided by any .service files
fev 14 12:28:20 notWindows systemd[1]: lightdm.service: Main process exited, code=exited, status=1/FAILURE
fev 14 12:28:20 notWindows systemd[1]: lightdm.service: Failed with result 'exit-code'.
fev 14 12:28:20 notWindows audit[1]: SERVICE_STOP pid=1 uid=0 auid=4294967295 ses=4294967295 msg='unit=lightdm comm="systemd" exe="/usr/lib/systemd/systemd" hostname=? addr=? terminal=? res=failed'
fev 14 12:28:20 notWindows systemd[1]: lightdm.service: Scheduled restart job, restart counter is at 5.
fev 14 12:28:20 notWindows systemd[1]: Stopped Light Display Manager.
fev 14 12:28:20 notWindows audit[1]: SERVICE_START pid=1 uid=0 auid=4294967295 ses=4294967295 msg='unit=lightdm comm="systemd" exe="/usr/lib/systemd/systemd" hostname=? addr=? terminal=? res=success'
fev 14 12:28:20 notWindows audit[1]: SERVICE_STOP pid=1 uid=0 auid=4294967295 ses=4294967295 msg='unit=lightdm comm="systemd" exe="/usr/lib/systemd/systemd" hostname=? addr=? terminal=? res=success'
fev 14 12:28:20 notWindows systemd[1]: lightdm.service: Start request repeated too quickly.
